[ +414 ms] Artifact Instance of 'AndroidGenSnapshotArtifacts' is not required, skipping update.
[        ] Artifact Instance of 'AndroidInternalBuildArtifacts' is not required, skipping update.
[        ] Artifact Instance of 'IOSEngineArtifacts' is not required, skipping update.
[        ] Artifact Instance of 'FlutterWebSdk' is not required, skipping update.
[        ] Artifact Instance of 'LegacyCanvasKitRemover' is not required, skipping update.
[   +7 ms] Artifact Instance of 'WindowsEngineArtifacts' is not required, skipping update.
[        ] Artifact Instance of 'MacOSEngineArtifacts' is not required, skipping update.
[        ] Artifact Instance of 'LinuxEngineArtifacts' is not required, skipping update.
[        ] Artifact Instance of 'LinuxFuchsiaSDKArtifacts' is not required, skipping update.
[        ] Artifact Instance of 'MacOSFuchsiaSDKArtifacts' is not required, skipping update.
[        ] Artifact Instance of 'FlutterRunnerSDKArtifacts' is not required, skipping update.
[        ] Artifact Instance of 'FlutterRunnerDebugSymbols' is not required, skipping update.
[  +90 ms] Artifact Instance of 'MaterialFonts' is not required, skipping update.
[        ] Artifact Instance of 'GradleWrapper' is not required, skipping update.
[   +8 ms] Artifact Instance of 'AndroidInternalBuildArtifacts' is not required, skipping update.
[        ] Artifact Instance of 'IOSEngineArtifacts' is not required, skipping update.
[        ] Artifact Instance of 'FlutterWebSdk' is not required, skipping update.
[        ] Artifact Instance of 'LegacyCanvasKitRemover' is not required, skipping update.
[        ] Artifact Instance of 'FlutterSdk' is not required, skipping update.
[        ] Artifact Instance of 'WindowsEngineArtifacts' is not required, skipping update.
[        ] Artifact Instance of 'MacOSEngineArtifacts' is not required, skipping update.
[        ] Artifact Instance of 'LinuxEngineArtifacts' is not required, skipping update.
[        ] Artifact Instance of 'LinuxFuchsiaSDKArtifacts' is not required, skipping update.
[        ] Artifact Instance of 'MacOSFuchsiaSDKArtifacts' is not required, skipping update.
[        ] Artifact Instance of 'FlutterRunnerSDKArtifacts' is not required, skipping update.
[        ] Artifact Instance of 'FlutterRunnerDebugSymbols' is not required, skipping update.
[        ] Artifact Instance of 'IosUsbArtifacts' is not required, skipping update.
[        ] Artifact Instance of 'IosUsbArtifacts' is not required, skipping update.
[        ] Artifact Instance of 'IosUsbArtifacts' is not required, skipping update.
[        ] Artifact Instance of 'IosUsbArtifacts' is not required, skipping update.
[        ] Artifact Instance of 'IosUsbArtifacts' is not required, skipping update.
[        ] Artifact Instance of 'FontSubsetArtifacts' is not required, skipping update.
[        ] Artifact Instance of 'PubDependencies' is not required, skipping update.
[  +99 ms] Skipping pub get: version match.
[  +52 ms] Found plugin fluttertoast at C:\Users\rajan\AppData\Local\Pub\Cache\hosted\pub.dev\fluttertoast-8.2.14\
[  +32 ms] Found plugin mobile_scanner at C:\Users\rajan\AppData\Local\Pub\Cache\hosted\pub.dev\mobile_scanner-7.2.0\
[  +97 ms] Found plugin fluttertoast at C:\Users\rajan\AppData\Local\Pub\Cache\hosted\pub.dev\fluttertoast-8.2.14\
[  +26 ms] Found plugin mobile_scanner at C:\Users\rajan\AppData\Local\Pub\Cache\hosted\pub.dev\mobile_scanner-7.2.0\
[  +72 ms] Found plugin fluttertoast at C:\Users\rajan\AppData\Local\Pub\Cache\hosted\pub.dev\fluttertoast-8.2.14\
[  +24 ms] Found plugin mobile_scanner at C:\Users\rajan\AppData\Local\Pub\Cache\hosted\pub.dev\mobile_scanner-7.2.0\
[ +171 ms] Generating C:\My Projects\Flutter Project\FG Pay\fraudguard_pay\android\app\src\main\java\io\flutter\plugins\GeneratedPluginRegistrant.java
[ +136 ms] executing: C:\Program Files\Android\Android Studio\jbr\bin\java -version
[ +141 ms] Exit code 0 from: C:\Program Files\Android\Android Studio\jbr\bin\java -version
[        ] openjdk version "17.0.11" 2024-04-16
           OpenJDK Runtime Environment (build 17.0.11+0--11852314)
           OpenJDK 64-Bit Server VM (build 17.0.11+0--11852314, mixed mode)
[   +9 ms] Top-level Gradle build file not found, skipping migration of task "clean".
[   +1 ms] executing: C:\Program Files\Android\Android Studio\jbr\bin\java --version
[ +111 ms] Exit code 0 from: C:\Program Files\Android\Android Studio\jbr\bin\java --version
[        ] openjdk 17.0.11 2024-04-16
           OpenJDK Runtime Environment (build 17.0.11+0--11852314)
           OpenJDK 64-Bit Server VM (build 17.0.11+0--11852314, mixed mode)
[   +8 ms] CMake project not found, skipping support Android 15 16k page size migration.
[   +3 ms] Using gradle from C:\My Projects\Flutter Project\FG Pay\fraudguard_pay\android\gradlew.bat.
[   +8 ms] Running Gradle task 'assembleRelease'...
[        ] executing: [C:\My Projects\Flutter Project\FG Pay\fraudguard_pay\android/] C:\My Projects\Flutter Project\FG Pay\fraudguard_pay\android\gradlew.bat --full-stacktrace --info -Pverbose=true -Ptarget-platform=android-arm,android-arm64,android-x64 -Ptarget=lib\main.dart -Pbase-application-name=android.app.Application -Pdart-obfuscation=false -Ptrack-widget-creation=true -Ptree-shake-icons=true assembleRelease
[ +861 ms] Initialized native services in: C:\Users\rajan\.gradle\native
[ +111 ms] Received JVM installation metadata from 'C:\Program Files\Android\Android Studio\jbr': {JAVA_HOME=C:\Program Files\Android\Android Studio\jbr, JAVA_VERSION=17.0.11, JAVA_VENDOR=JetBrains s.r.o., RUNTIME_NAME=OpenJDK Runtime Environment, RUNTIME_VERSION=17.0.11+0--11852314, VM_NAME=OpenJDK 64-Bit Server VM, VM_VERSION=17.0.11+0--11852314, VM_VENDOR=JetBrains s.r.o., OS_ARCH=amd64}
[ +393 ms] The client will now receive all logging from the daemon (pid: 17048). The daemon log file: C:\Users\rajan\.gradle\daemon\8.10.2\daemon-17048.out.log
[        ] Starting 3rd build in daemon [uptime: 1 mins 22.836 secs, performance: 100%, GC rate: 0.00/s, heap usage: 0% of 8 GiB, non-heap usage: 3% of 4 GiB]
[        ] Using 8 worker leases.
[        ] Watching the file system is configured to be enabled if available
[        ] File system watching is inactive
[        ] Starting Build
[ +301 ms] > Configure project :gradle
[        ] Evaluating project ':gradle' using build file 'C:\Users\rajan\flutter\packages\flutter_tools\gradle\build.gradle.kts'.
[        ] Transforming gradle-kotlin-dsl-plugins-4.5.0.jar (org.gradle.kotlin:gradle-kotlin-dsl-plugins:4.5.0) with InstrumentationAnalysisTransform
[        ] Transforming kotlin-stdlib-1.9.24.jar (org.jetbrains.kotlin:kotlin-stdlib:1.9.24) with InstrumentationAnalysisTransform
[        ] Transforming annotations-13.0.jar (org.jetbrains:annotations:13.0) with InstrumentationAnalysisTransform
[        ] Transforming kotlin-sam-with-receiver-1.9.24-gradle82.jar (org.jetbrains.kotlin:kotlin-sam-with-receiver:1.9.24) with InstrumentationAnalysisTransform
[        ] Transforming kotlin-assignment-1.9.24-gradle82.jar (org.jetbrains.kotlin:kotlin-assignment:1.9.24) with InstrumentationAnalysisTransform
[        ] Transforming kotlin-gradle-plugin-model-1.9.24.jar (org.jetbrains.kotlin:kotlin-gradle-plugin-model:1.9.24) with InstrumentationAnalysisTransform
[        ] Transforming kotlin-gradle-plugin-api-1.9.24.jar (org.jetbrains.kotlin:kotlin-gradle-plugin-api:1.9.24) with InstrumentationAnalysisTransform
[        ] Transforming kotlin-gradle-plugin-api-1.9.24-gradle82.jar (org.jetbrains.kotlin:kotlin-gradle-plugin-api:1.9.24) with InstrumentationAnalysisTransform
[        ] Transforming kotlin-gradle-plugin-1.9.24-gradle82.jar (org.jetbrains.kotlin:kotlin-gradle-plugin:1.9.24) with InstrumentationAnalysisTransform
[        ] Transforming kotlin-gradle-plugin-idea-proto-1.9.24.jar (org.jetbrains.kotlin:kotlin-gradle-plugin-idea-proto:1.9.24) with InstrumentationAnalysisTransform
[        ] Transforming kotlin-gradle-plugin-idea-1.9.24.jar (org.jetbrains.kotlin:kotlin-gradle-plugin-idea:1.9.24) with InstrumentationAnalysisTransform
[        ] Transforming kotlin-klib-commonizer-api-1.9.24.jar (org.jetbrains.kotlin:kotlin-klib-commonizer-api:1.9.24) with InstrumentationAnalysisTransform
[        ] Transforming kotlin-native-utils-1.9.24.jar (org.jetbrains.kotlin:kotlin-native-utils:1.9.24) with InstrumentationAnalysisTransform
[        ] Transforming kotlin-util-klib-1.9.24.jar (org.jetbrains.kotlin:kotlin-util-klib:1.9.24) with InstrumentationAnalysisTransform
[        ] Transforming kotlin-build-tools-api-1.9.24.jar (org.jetbrains.kotlin:kotlin-build-tools-api:1.9.24) with InstrumentationAnalysisTransform
[        ] Transforming kotlin-android-extensions-1.9.24.jar (org.jetbrains.kotlin:kotlin-android-extensions:1.9.24) with InstrumentationAnalysisTransform
[        ] Transforming kotlin-compiler-runner-1.9.24.jar (org.jetbrains.kotlin:kotlin-compiler-runner:1.9.24) with InstrumentationAnalysisTransform
[        ] Transforming kotlin-compiler-embeddable-1.9.24.jar (org.jetbrains.kotlin:kotlin-compiler-embeddable:1.9.24) with InstrumentationAnalysisTransform
[        ] Transforming kotlin-scripting-compiler-embeddable-1.9.24.jar (org.jetbrains.kotlin:kotlin-scripting-compiler-embeddable:1.9.24) with InstrumentationAnalysisTransform
[        ] Transforming kotlin-scripting-compiler-impl-embeddable-1.9.24.jar (org.jetbrains.kotlin:kotlin-scripting-compiler-impl-embeddable:1.9.24) with InstrumentationAnalysisTransform
[        ] Transforming kotlin-gradle-plugin-annotations-1.9.24.jar (org.jetbrains.kotlin:kotlin-gradle-plugin-annotations:1.9.24) with InstrumentationAnalysisTransform
[        ] Transforming kotlin-project-model-1.9.24.jar (org.jetbrains.kotlin:kotlin-project-model:1.9.24) with InstrumentationAnalysisTransform
[        ] Transforming kotlin-tooling-core-1.9.24.jar (org.jetbrains.kotlin:kotlin-tooling-core:1.9.24) with InstrumentationAnalysisTransform
[        ] Transforming kotlin-util-io-1.9.24.jar (org.jetbrains.kotlin:kotlin-util-io:1.9.24) with InstrumentationAnalysisTransform
[        ] Transforming kotlin-daemon-embeddable-1.9.24.jar (org.jetbrains.kotlin:kotlin-daemon-embeddable:1.9.24) with InstrumentationAnalysisTransform
[        ] Transforming trove4j-1.0.20200330.jar (org.jetbrains.intellij.deps:trove4j:1.0.20200330) with InstrumentationAnalysisTransform
[        ] Transforming kotlin-daemon-client-1.9.24.jar (org.jetbrains.kotlin:kotlin-daemon-client:1.9.24) with InstrumentationAnalysisTransform
[        ] Transforming kotlinx-coroutines-core-jvm-1.5.0.jar (org.jetbrains.kotlinx:kotlinx-coroutines-core-jvm:1.5.0) with InstrumentationAnalysisTransform
[        ] Transforming kotlin-scripting-jvm-1.9.24.jar (org.jetbrains.kotlin:kotlin-scripting-jvm:1.9.24) with InstrumentationAnalysisTransform
[        ] Transforming kotlin-scripting-common-1.9.24.jar (org.jetbrains.kotlin:kotlin-scripting-common:1.9.24) with InstrumentationAnalysisTransform
[        ] Transforming gradle-kotlin-dsl-plugins-4.5.0.jar (org.gradle.kotlin:gradle-kotlin-dsl-plugins:4.5.0) with InstrumentationAnalysisTransform
[        ] Transforming gradle-kotlin-dsl-plugins-4.5.0.jar (org.gradle.kotlin:gradle-kotlin-dsl-plugins:4.5.0) with MergeInstrumentationAnalysisTransform
[        ] Transforming kotlin-stdlib-1.9.24.jar (org.jetbrains.kotlin:kotlin-stdlib:1.9.24) with InstrumentationAnalysisTransform
[        ] Transforming kotlin-stdlib-1.9.24.jar (org.jetbrains.kotlin:kotlin-stdlib:1.9.24) with MergeInstrumentationAnalysisTransform
[        ] Transforming annotations-13.0.jar (org.jetbrains:annotations:13.0) with InstrumentationAnalysisTransform
[        ] Transforming annotations-13.0.jar (org.jetbrains:annotations:13.0) with MergeInstrumentationAnalysisTransform
[        ] Transforming kotlin-sam-with-receiver-1.9.24-gradle82.jar (org.jetbrains.kotlin:kotlin-sam-with-receiver:1.9.24) with InstrumentationAnalysisTransform
[        ] Transforming kotlin-sam-with-receiver-1.9.24-gradle82.jar (org.jetbrains.kotlin:kotlin-sam-with-receiver:1.9.24) with MergeInstrumentationAnalysisTransform
[        ] Transforming gradle-kotlin-dsl-plugins-4.5.0.jar (org.gradle.kotlin:gradle-kotlin-dsl-plugins:4.5.0) with ExternalDependencyInstrumentingArtifactTransform
[        ] Transforming kotlin-assignment-1.9.24-gradle82.jar (org.jetbrains.kotlin:kotlin-assignment:1.9.24) with InstrumentationAnalysisTransform
[        ] Transforming kotlin-stdlib-1.9.24.jar (org.jetbrains.kotlin:kotlin-stdlib:1.9.24) with ExternalDependencyInstrumentingArtifactTransform
[        ] Transforming kotlin-assignment-1.9.24-gradle82.jar (org.jetbrains.kotlin:kotlin-assignment:1.9.24) with MergeInstrumentationAnalysisTransform
[        ] Transforming kotlin-gradle-plugin-model-1.9.24.jar (org.jetbrains.kotlin:kotlin-gradle-plugin-model:1.9.24) with InstrumentationAnalysisTransform
[        ] Transforming annotations-13.0.jar (org.jetbrains:annotations:13.0) with ExternalDependencyInstrumentingArtifactTransform
[        ] Transforming kotlin-gradle-plugin-model-1.9.24.jar (org.jetbrains.kotlin:kotlin-gradle-plugin-model:1.9.24) with MergeInstrumentationAnalysisTransform
[        ] Transforming kotlin-sam-with-receiver-1.9.24-gradle82.jar (org.jetbrains.kotlin:kotlin-sam-with-receiver:1.9.24) with ExternalDependencyInstrumentingArtifactTransform
[        ] Transforming kotlin-gradle-plugin-api-1.9.24.jar (org.jetbrains.kotlin:kotlin-gradle-plugin-api:1.9.24) with InstrumentationAnalysisTransform
[        ] Transforming kotlin-gradle-plugin-api-1.9.24.jar (org.jetbrains.kotlin:kotlin-gradle-plugin-api:1.9.24) with MergeInstrumentationAnalysisTransform
[        ] Transforming kotlin-gradle-plugin-api-1.9.24-gradle82.jar (org.jetbrains.kotlin:kotlin-gradle-plugin-api:1.9.24) with InstrumentationAnalysisTransform
[        ] Transforming kotlin-assignment-1.9.24-gradle82.jar (org.jetbrains.kotlin:kotlin-assignment:1.9.24) with ExternalDependencyInstrumentingArtifactTransform
[        ] Transforming kotlin-gradle-plugin-api-1.9.24-gradle82.jar (org.jetbrains.kotlin:kotlin-gradle-plugin-api:1.9.24) with MergeInstrumentationAnalysisTransform
[        ] Transforming kotlin-gradle-plugin-1.9.24-gradle82.jar (org.jetbrains.kotlin:kotlin-gradle-plugin:1.9.24) with InstrumentationAnalysisTransform
[        ] Transforming kotlin-gradle-plugin-1.9.24-gradle82.jar (org.jetbrains.kotlin:kotlin-gradle-plugin:1.9.24) with MergeInstrumentationAnalysisTransform
[        ] Transforming kotlin-gradle-plugin-model-1.9.24.jar (org.jetbrains.kotlin:kotlin-gradle-plugin-model:1.9.24) with ExternalDependencyInstrumentingArtifactTransform
[        ] Transforming kotlin-gradle-plugin-idea-proto-1.9.24.jar (org.jetbrains.kotlin:kotlin-gradle-plugin-idea-proto:1.9.24) with InstrumentationAnalysisTransform
[        ] Transforming kotlin-gradle-plugin-idea-proto-1.9.24.jar (org.jetbrains.kotlin:kotlin-gradle-plugin-idea-proto:1.9.24) with MergeInstrumentationAnalysisTransform
[        ] Transforming kotlin-gradle-plugin-idea-1.9.24.jar (org.jetbrains.kotlin:kotlin-gradle-plugin-idea:1.9.24) with InstrumentationAnalysisTransform
[        ] Transforming kotlin-gradle-plugin-idea-1.9.24.jar (org.jetbrains.kotlin:kotlin-gradle-plugin-idea:1.9.24) with MergeInstrumentationAnalysisTransform
[        ] Transforming kotlin-klib-commonizer-api-1.9.24.jar (org.jetbrains.kotlin:kotlin-klib-commonizer-api:1.9.24) with InstrumentationAnalysisTransform
[        ] Transforming kotlin-gradle-plugin-api-1.9.24-gradle82.jar (org.jetbrains.kotlin:kotlin-gradle-plugin-api:1.9.24) with ExternalDependencyInstrumentingArtifactTransform
[        ] Transforming kotlin-klib-commonizer-api-1.9.24.jar (org.jetbrains.kotlin:kotlin-klib-commonizer-api:1.9.24) with MergeInstrumentationAnalysisTransform
[        ] Transforming kotlin-native-utils-1.9.24.jar (org.jetbrains.kotlin:kotlin-native-utils:1.9.24) with InstrumentationAnalysisTransform
[        ] Transforming kotlin-native-utils-1.9.24.jar (org.jetbrains.kotlin:kotlin-native-utils:1.9.24) with MergeInstrumentationAnalysisTransform
[        ] Transforming kotlin-util-klib-1.9.24.jar (org.jetbrains.kotlin:kotlin-util-klib:1.9.24) with InstrumentationAnalysisTransform
[        ] Transforming kotlin-util-klib-1.9.24.jar (org.jetbrains.kotlin:kotlin-util-klib:1.9.24) with MergeInstrumentationAnalysisTransform
[        ] Transforming kotlin-build-tools-api-1.9.24.jar (org.jetbrains.kotlin:kotlin-build-tools-api:1.9.24) with InstrumentationAnalysisTransform
[        ] Transforming kotlin-build-tools-api-1.9.24.jar (org.jetbrains.kotlin:kotlin-build-tools-api:1.9.24) with MergeInstrumentationAnalysisTransform
[        ] Transforming kotlin-android-extensions-1.9.24.jar (org.jetbrains.kotlin:kotlin-android-extensions:1.9.24) with InstrumentationAnalysisTransform
[        ] Transforming kotlin-gradle-plugin-idea-1.9.24.jar (org.jetbrains.kotlin:kotlin-gradle-plugin-idea:1.9.24) with ExternalDependencyInstrumentingArtifactTransform
[        ] Transforming kotlin-gradle-plugin-api-1.9.24.jar (org.jetbrains.kotlin:kotlin-gradle-plugin-api:1.9.24) with ExternalDependencyInstrumentingArtifactTransform
[        ] Transforming kotlin-android-extensions-1.9.24.jar (org.jetbrains.kotlin:kotlin-android-extensions:1.9.24) with MergeInstrumentationAnalysisTransform
[        ] Transforming kotlin-gradle-plugin-1.9.24-gradle82.jar (org.jetbrains.kotlin:kotlin-gradle-plugin:1.9.24) with ExternalDependencyInstrumentingArtifactTransform
[        ] Transforming kotlin-compiler-runner-1.9.24.jar (org.jetbrains.kotlin:kotlin-compiler-runner:1.9.24) with InstrumentationAnalysisTransform
[        ] Transforming kotlin-compiler-runner-1.9.24.jar (org.jetbrains.kotlin:kotlin-compiler-runner:1.9.24) with MergeInstrumentationAnalysisTransform
[        ] Transforming kotlin-compiler-embeddable-1.9.24.jar (org.jetbrains.kotlin:kotlin-compiler-embeddable:1.9.24) with InstrumentationAnalysisTransform
[        ] Transforming kotlin-compiler-embeddable-1.9.24.jar (org.jetbrains.kotlin:kotlin-compiler-embeddable:1.9.24) with MergeInstrumentationAnalysisTransform
[        ] Transforming kotlin-scripting-compiler-embeddable-1.9.24.jar (org.jetbrains.kotlin:kotlin-scripting-compiler-embeddable:1.9.24) with InstrumentationAnalysisTransform
[        ] Transforming kotlin-scripting-compiler-embeddable-1.9.24.jar (org.jetbrains.kotlin:kotlin-scripting-compiler-embeddable:1.9.24) with MergeInstrumentationAnalysisTransform
[        ] Transforming kotlin-scripting-compiler-impl-embeddable-1.9.24.jar (org.jetbrains.kotlin:kotlin-scripting-compiler-impl-embeddable:1.9.24) with InstrumentationAnalysisTransform
[        ] Transforming kotlin-scripting-compiler-impl-embeddable-1.9.24.jar (org.jetbrains.kotlin:kotlin-scripting-compiler-impl-embeddable:1.9.24) with MergeInstrumentationAnalysisTransform
[        ] Transforming kotlin-gradle-plugin-annotations-1.9.24.jar (org.jetbrains.kotlin:kotlin-gradle-plugin-annotations:1.9.24) with InstrumentationAnalysisTransform
[        ] Transforming kotlin-gradle-plugin-annotations-1.9.24.jar (org.jetbrains.kotlin:kotlin-gradle-plugin-annotations:1.9.24) with MergeInstrumentationAnalysisTransform
[        ] Transforming kotlin-project-model-1.9.24.jar (org.jetbrains.kotlin:kotlin-project-model:1.9.24) with InstrumentationAnalysisTransform
[        ] Transforming kotlin-project-model-1.9.24.jar (org.jetbrains.kotlin:kotlin-project-model:1.9.24) with MergeInstrumentationAnalysisTransform
[        ] Transforming kotlin-tooling-core-1.9.24.jar (org.jetbrains.kotlin:kotlin-tooling-core:1.9.24) with InstrumentationAnalysisTransform
[        ] Transforming kotlin-tooling-core-1.9.24.jar (org.jetbrains.kotlin:kotlin-tooling-core:1.9.24) with MergeInstrumentationAnalysisTransform
[        ] Transforming kotlin-util-io-1.9.24.jar (org.jetbrains.kotlin:kotlin-util-io:1.9.24) with InstrumentationAnalysisTransform
[        ] Transforming kotlin-util-io-1.9.24.jar (org.jetbrains.kotlin:kotlin-util-io:1.9.24) with MergeInstrumentationAnalysisTransform
[        ] Transforming kotlin-daemon-embeddable-1.9.24.jar (org.jetbrains.kotlin:kotlin-daemon-embeddable:1.9.24) with InstrumentationAnalysisTransform
[        ] Transforming kotlin-daemon-embeddable-1.9.24.jar (org.jetbrains.kotlin:kotlin-daemon-embeddable:1.9.24) with MergeInstrumentationAnalysisTransform
[        ] Transforming trove4j-1.0.20200330.jar (org.jetbrains.intellij.deps:trove4j:1.0.20200330) with InstrumentationAnalysisTransform
[        ] Transforming trove4j-1.0.20200330.jar (org.jetbrains.intellij.deps:trove4j:1.0.20200330) with MergeInstrumentationAnalysisTransform
[        ] Transforming kotlin-daemon-client-1.9.24.jar (org.jetbrains.kotlin:kotlin-daemon-client:1.9.24) with InstrumentationAnalysisTransform
[        ] Transforming kotlin-daemon-client-1.9.24.jar (org.jetbrains.kotlin:kotlin-daemon-client:1.9.24) with MergeInstrumentationAnalysisTransform
[        ] Transforming kotlinx-coroutines-core-jvm-1.5.0.jar (org.jetbrains.kotlinx:kotlinx-coroutines-core-jvm:1.5.0) with InstrumentationAnalysisTransform
[        ] Transforming kotlinx-coroutines-core-jvm-1.5.0.jar (org.jetbrains.kotlinx:kotlinx-coroutines-core-jvm:1.5.0) with MergeInstrumentationAnalysisTransform
[        ] Transforming kotlin-scripting-jvm-1.9.24.jar (org.jetbrains.kotlin:kotlin-scripting-jvm:1.9.24) with InstrumentationAnalysisTransform
[        ] Transforming kotlin-scripting-jvm-1.9.24.jar (org.jetbrains.kotlin:kotlin-scripting-jvm:1.9.24) with MergeInstrumentationAnalysisTransform
[        ] Transforming kotlin-native-utils-1.9.24.jar (org.jetbrains.kotlin:kotlin-native-utils:1.9.24) with ExternalDependencyInstrumentingArtifactTransform
[        ] Transforming kotlin-scripting-common-1.9.24.jar (org.jetbrains.kotlin:kotlin-scripting-common:1.9.24) with InstrumentationAnalysisTransform
[        ] Transforming kotlin-scripting-common-1.9.24.jar (org.jetbrains.kotlin:kotlin-scripting-common:1.9.24) with MergeInstrumentationAnalysisTransform
[        ] Transforming kotlin-util-klib-1.9.24.jar (org.jetbrains.kotlin:kotlin-util-klib:1.9.24) with ExternalDependencyInstrumentingArtifactTransform
[        ] Transforming kotlin-build-tools-api-1.9.24.jar (org.jetbrains.kotlin:kotlin-build-tools-api:1.9.24) with ExternalDependencyInstrumentingArtifactTransform
[        ] Transforming kotlin-klib-commonizer-api-1.9.24.jar (org.jetbrains.kotlin:kotlin-klib-commonizer-api:1.9.24) with ExternalDependencyInstrumentingArtifactTransform
[        ] Transforming kotlin-android-extensions-1.9.24.jar (org.jetbrains.kotlin:kotlin-android-extensions:1.9.24) with ExternalDependencyInstrumentingArtifactTransform
[        ] Transforming kotlin-compiler-runner-1.9.24.jar (org.jetbrains.kotlin:kotlin-compiler-runner:1.9.24) with ExternalDependencyInstrumentingArtifactTransform
[        ] Transforming kotlin-gradle-plugin-idea-proto-1.9.24.jar (org.jetbrains.kotlin:kotlin-gradle-plugin-idea-proto:1.9.24) with ExternalDependencyInstrumentingArtifactTransform
[        ] Transforming kotlin-compiler-embeddable-1.9.24.jar (org.jetbrains.kotlin:kotlin-compiler-embeddable:1.9.24) with ExternalDependencyInstrumentingArtifactTransform
[        ] Transforming kotlin-scripting-compiler-embeddable-1.9.24.jar (org.jetbrains.kotlin:kotlin-scripting-compiler-embeddable:1.9.24) with ExternalDependencyInstrumentingArtifactTransform
[        ] Transforming kotlin-gradle-plugin-annotations-1.9.24.jar (org.jetbrains.kotlin:kotlin-gradle-plugin-annotations:1.9.24) with ExternalDependencyInstrumentingArtifactTransform
[        ] Transforming kotlin-tooling-core-1.9.24.jar (org.jetbrains.kotlin:kotlin-tooling-core:1.9.24) with ExternalDependencyInstrumentingArtifactTransform
[        ] Transforming kotlin-scripting-compiler-impl-embeddable-1.9.24.jar (org.jetbrains.kotlin:kotlin-scripting-compiler-impl-embeddable:1.9.24) with ExternalDependencyInstrumentingArtifactTransform
[        ] Transforming kotlin-project-model-1.9.24.jar (org.jetbrains.kotlin:kotlin-project-model:1.9.24) with ExternalDependencyInstrumentingArtifactTransform
[        ] Transforming kotlin-util-io-1.9.24.jar (org.jetbrains.kotlin:kotlin-util-io:1.9.24) with ExternalDependencyInstrumentingArtifactTransform
[        ] Transforming kotlin-daemon-embeddable-1.9.24.jar (org.jetbrains.kotlin:kotlin-daemon-embeddable:1.9.24) with ExternalDependencyInstrumentingArtifactTransform
[        ] Transforming trove4j-1.0.20200330.jar (org.jetbrains.intellij.deps:trove4j:1.0.20200330) with ExternalDependencyInstrumentingArtifactTransform
[        ] Transforming kotlinx-coroutines-core-jvm-1.5.0.jar (org.jetbrains.kotlinx:kotlinx-coroutines-core-jvm:1.5.0) with ExternalDependencyInstrumentingArtifactTransform
[   +1 ms] Transforming kotlin-scripting-common-1.9.24.jar (org.jetbrains.kotlin:kotlin-scripting-common:1.9.24) with ExternalDependencyInstrumentingArtifactTransform
[        ] Transforming kotlin-daemon-client-1.9.24.jar (org.jetbrains.kotlin:kotlin-daemon-client:1.9.24) with ExternalDependencyInstrumentingArtifactTransform
[        ] Transforming kotlin-scripting-jvm-1.9.24.jar (org.jetbrains.kotlin:kotlin-scripting-jvm:1.9.24) with ExternalDependencyInstrumentingArtifactTransform
flutter : [        ] FAILURE: Build failed with an exception.
At line:1 char:1
+ flutter build apk --verbose 2>&1 | Tee-Object -FilePath build_output. ...
+ ~~~~~~~~~~~~~~~~~~~~~~~~~~~~~~~~
    + CategoryInfo          : NotSpecified: ([        ] FAIL...h an exception. 
   :String) [], RemoteException
    + FullyQualifiedErrorId : NativeCommandError
 
[   +2 ms] * Where:
[        ] Settings file 'C:\My Projects\Flutter Project\FG 
Pay\fraudguard_pay\android\settings.gradle.kts' line: 19
[        ] * What went wrong:
[        ] Error resolving plugin [id: 'dev.flutter.flutter-plugin-loader', 
version: '1.0.0']
[        ] > A problem occurred configuring project ':gradle'.
[        ]    > Multiple build operations failed.
[        ]          Could not read workspace metadata from C:\Users\rajan\.grad
le\caches\8.10.2\transforms\12092c73883b5d413c5343450519df07\metadata.bin
[        ]          Could not read workspace metadata from C:\Users\rajan\.grad
le\caches\8.10.2\transforms\7670d2a327deccefbb4319f656d52ccf\metadata.bin
[        ]          Could not read workspace metadata from C:\Users\rajan\.grad
le\caches\8.10.2\transforms\6e60bae89f675d073b6ad72ed848c935\metadata.bin
[        ]          Could not read workspace metadata from C:\Users\rajan\.grad
le\caches\8.10.2\transforms\350d477d5814a2c2469bb01406d4e0ef\metadata.bin
[        ]          Could not read workspace metadata from C:\Users\rajan\.grad
le\caches\8.10.2\transforms\2991233e4c4a8b93278c82b5a335c976\metadata.bin
[        ]          Could not read workspace metadata from C:\Users\rajan\.grad
le\caches\8.10.2\transforms\8a6df3199fe4ce9eb355a963c05b45df\metadata.bin
[        ]          Could not read workspace metadata from C:\Users\rajan\.grad
le\caches\8.10.2\transforms\52bf080e7b5383cfc016c16fc75f36f8\metadata.bin
[        ]          Could not read workspace metadata from C:\Users\rajan\.grad
le\caches\8.10.2\transforms\2072417fc4efeafd12cfc28f127372c8\metadata.bin
[        ]          Could not read workspace metadata from C:\Users\rajan\.grad
le\caches\8.10.2\transforms\3ace6054e73c5717226796a0ad06a80f\metadata.bin
[        ]          Could not read workspace metadata from C:\Users\rajan\.grad
le\caches\8.10.2\transforms\547b069c0e108165162488b4df7d242b\metadata.bin
[        ]          ...and 4 more failures.
[        ]       > Could not read workspace metadata from C:\Users\rajan\.gradl
e\caches\8.10.2\transforms\12092c73883b5d413c5343450519df07\metadata.bin
[        ]       > Could not read workspace metadata from C:\Users\rajan\.gradl
e\caches\8.10.2\transforms\7670d2a327deccefbb4319f656d52ccf\metadata.bin
[        ]       > Could not read workspace metadata from C:\Users\rajan\.gradl
e\caches\8.10.2\transforms\6e60bae89f675d073b6ad72ed848c935\metadata.bin
[        ]       > Could not read workspace metadata from C:\Users\rajan\.gradl
e\caches\8.10.2\transforms\350d477d5814a2c2469bb01406d4e0ef\metadata.bin
[        ]       > Could not read workspace metadata from C:\Users\rajan\.gradl
e\caches\8.10.2\transforms\2991233e4c4a8b93278c82b5a335c976\metadata.bin
[        ]       > Could not read workspace metadata from C:\Users\rajan\.gradl
e\caches\8.10.2\transforms\8a6df3199fe4ce9eb355a963c05b45df\metadata.bin
[        ]       > Could not read workspace metadata from C:\Users\rajan\.gradl
e\caches\8.10.2\transforms\52bf080e7b5383cfc016c16fc75f36f8\metadata.bin
[        ]       > Could not read workspace metadata from C:\Users\rajan\.gradl
e\caches\8.10.2\transforms\2072417fc4efeafd12cfc28f127372c8\metadata.bin
[        ]       > Could not read workspace metadata from C:\Users\rajan\.gradl
e\caches\8.10.2\transforms\3ace6054e73c5717226796a0ad06a80f\metadata.bin
[        ]       > Could not read workspace metadata from C:\Users\rajan\.gradl
e\caches\8.10.2\transforms\547b069c0e108165162488b4df7d242b\metadata.bin
[        ]       > Could not read workspace metadata from C:\Users\rajan\.gradl
e\caches\8.10.2\transforms\13a3c92fd91e8edbfe5e11e0fb090b3d\metadata.bin
[        ]       > Could not read workspace metadata from C:\Users\rajan\.gradl
e\caches\8.10.2\transforms\dc1999a97916923a0f067bb88d9e594c\metadata.bin
[        ]       > Could not read workspace metadata from C:\Users\rajan\.gradl
e\caches\8.10.2\transforms\9142c17ba9ec52151f9198893678785f\metadata.bin
[        ]       > Could not read workspace metadata from C:\Users\rajan\.gradl
e\caches\8.10.2\transforms\2388a7c901e10d5384c19d8a1d9a7a9c\metadata.bin
[        ] * Try:
[        ] > Run with --debug option to get more log output.
[        ] > Run with --scan to get full insights.
[        ] > Get more help at https://help.gradle.org.
[        ] * Exception is:
[        ] org.gradle.api.GradleException: Error resolving plugin [id: 
'dev.flutter.flutter-plugin-loader', version: '1.0.0']
[        ] 	at org.gradle.plugin.use.internal.DefaultPluginRequestApplicator.re
solvePluginRequest(DefaultPluginRequestApplicator.java:188)
[        ] 	at org.gradle.plugin.use.internal.DefaultPluginRequestApplicator.ap
plyPlugins(DefaultPluginRequestApplicator.java:97)
[        ] 	at org.gradle.kotlin.dsl.provider.PluginRequestsHandler.handle(Plug
inRequestsHandler.kt:45)
[        ] 	at org.gradle.kotlin.dsl.provider.StandardKotlinScriptEvaluator$Int
erpreterHost.applyPluginsTo(KotlinScriptEvaluator.kt:220)
[        ] 	at org.gradle.kotlin.dsl.execution.Interpreter$ProgramHost.applyPlu
ginsTo(Interpreter.kt:387)
[        ] 	at Program.execute(Unknown Source)
[        ] 	at org.gradle.kotlin.dsl.execution.Interpreter$ProgramHost.eval(Int
erpreter.kt:516)
[        ] 	at 
org.gradle.kotlin.dsl.execution.Interpreter.eval(Interpreter.kt:194)
[        ] 	at org.gradle.kotlin.dsl.provider.StandardKotlinScriptEvaluator.eva
luate(KotlinScriptEvaluator.kt:125)
[        ] 	at org.gradle.kotlin.dsl.provider.KotlinScriptPluginFactory$create$
1.invoke(KotlinScriptPluginFactory.kt:46)
[        ] 	at org.gradle.kotlin.dsl.provider.KotlinScriptPluginFactory$create$
1.invoke(KotlinScriptPluginFactory.kt:43)
[        ] 	at org.gradle.kotlin.dsl.provider.KotlinScriptPlugin.apply(KotlinSc
riptPlugin.kt:35)
[        ] 	at org.gradle.configuration.BuildOperationScriptPlugin$1.run(BuildO
perationScriptPlugin.java:68)
[        ] 	at org.gradle.internal.operations.DefaultBuildOperationRunner$1.exe
cute(DefaultBuildOperationRunner.java:29)
[        ] 	at org.gradle.internal.operations.DefaultBuildOperationRunner$1.exe
cute(DefaultBuildOperationRunner.java:26)
[        ] 	at org.gradle.internal.operations.DefaultBuildOperationRunner$2.exe
cute(DefaultBuildOperationRunner.java:66)
[        ] 	at org.gradle.internal.operations.DefaultBuildOperationRunner$2.exe
cute(DefaultBuildOperationRunner.java:59)
[        ] 	at org.gradle.internal.operations.DefaultBuildOperationRunner.execu
te(DefaultBuildOperationRunner.java:166)
[        ] 	at org.gradle.internal.operations.DefaultBuildOperationRunner.execu
te(DefaultBuildOperationRunner.java:59)
[        ] 	at org.gradle.internal.operations.DefaultBuildOperationRunner.run(D
efaultBuildOperationRunner.java:47)
[        ] 	at org.gradle.configuration.BuildOperationScriptPlugin.lambda$apply
$0(BuildOperationScriptPlugin.java:65)
[        ] 	at org.gradle.internal.code.DefaultUserCodeApplicationContext.apply
(DefaultUserCodeApplicationContext.java:44)
[        ] 	at org.gradle.configuration.BuildOperationScriptPlugin.apply(BuildO
perationScriptPlugin.java:65)
[        ] 	at org.gradle.initialization.ScriptEvaluatingSettingsProcessor.appl
ySettingsScript(ScriptEvaluatingSettingsProcessor.java:75)
[        ] 	at org.gradle.initialization.ScriptEvaluatingSettingsProcessor.proc
ess(ScriptEvaluatingSettingsProcessor.java:68)
[        ] 	at org.gradle.initialization.SettingsEvaluatedCallbackFiringSetting
sProcessor.process(SettingsEvaluatedCallbackFiringSettingsProcessor.java:34)
[        ] 	at org.gradle.initialization.RootBuildCacheControllerSettingsProces
sor.process(RootBuildCacheControllerSettingsProcessor.java:47)
[        ] 	at org.gradle.initialization.BuildOperationSettingsProcessor$2.call
(BuildOperationSettingsProcessor.java:49)
[        ] 	at org.gradle.initialization.BuildOperationSettingsProcessor$2.call
(BuildOperationSettingsProcessor.java:46)
[        ] 	at org.gradle.internal.operations.DefaultBuildOperationRunner$Calla
bleBuildOperationWorker.execute(DefaultBuildOperationRunner.java:209)
[        ] 	at org.gradle.internal.operations.DefaultBuildOperationRunner$Calla
bleBuildOperationWorker.execute(DefaultBuildOperationRunner.java:204)
[        ] 	at org.gradle.internal.operations.DefaultBuildOperationRunner$2.exe
cute(DefaultBuildOperationRunner.java:66)
[        ] 	at org.gradle.internal.operations.DefaultBuildOperationRunner$2.exe
cute(DefaultBuildOperationRunner.java:59)
[        ] 	at org.gradle.internal.operations.DefaultBuildOperationRunner.execu
te(DefaultBuildOperationRunner.java:166)
[        ] 	at org.gradle.internal.operations.DefaultBuildOperationRunner.execu
te(DefaultBuildOperationRunner.java:59)
[        ] 	at org.gradle.internal.operations.DefaultBuildOperationRunner.call(
DefaultBuildOperationRunner.java:53)
[        ] 	at org.gradle.initialization.BuildOperationSettingsProcessor.proces
s(BuildOperationSettingsProcessor.java:46)
[        ] 	at org.gradle.initialization.DefaultSettingsLoader.findSettingsAndL
oadIfAppropriate(DefaultSettingsLoader.java:143)
[        ] 	at org.gradle.initialization.DefaultSettingsLoader.findAndLoadSetti
ngs(DefaultSettingsLoader.java:63)
[        ] 	at org.gradle.initialization.SettingsAttachingSettingsLoader.findAn
dLoadSettings(SettingsAttachingSettingsLoader.java:33)
[        ] 	at org.gradle.internal.composite.CommandLineIncludedBuildSettingsLo
ader.findAndLoadSettings(CommandLineIncludedBuildSettingsLoader.java:35)
[        ] 	at org.gradle.internal.composite.ChildBuildRegisteringSettingsLoade
r.findAndLoadSettings(ChildBuildRegisteringSettingsLoader.java:44)
[        ] 	at org.gradle.internal.composite.CompositeBuildSettingsLoader.findA
ndLoadSettings(CompositeBuildSettingsLoader.java:35)
[        ] 	at org.gradle.initialization.InitScriptHandlingSettingsLoader.findA
ndLoadSettings(InitScriptHandlingSettingsLoader.java:33)
[        ] 	at org.gradle.api.internal.initialization.CacheConfigurationsHandli
ngSettingsLoader.findAndLoadSettings(CacheConfigurationsHandlingSettingsLoader.
java:36)
[        ] 	at org.gradle.initialization.GradlePropertiesHandlingSettingsLoader
.findAndLoadSettings(GradlePropertiesHandlingSettingsLoader.java:38)
[        ] 	at org.gradle.initialization.DefaultSettingsPreparer.prepareSetting
s(DefaultSettingsPreparer.java:31)
[        ] 	at org.gradle.initialization.BuildOperationFiringSettingsPreparer$L
oadBuild.doLoadBuild(BuildOperationFiringSettingsPreparer.java:71)
[        ] 	at org.gradle.initialization.BuildOperationFiringSettingsPreparer$L
oadBuild.run(BuildOperationFiringSettingsPreparer.java:66)
[        ] 	at org.gradle.internal.operations.DefaultBuildOperationRunner$1.exe
cute(DefaultBuildOperationRunner.java:29)
[        ] 	at org.gradle.internal.operations.DefaultBuildOperationRunner$1.exe
cute(DefaultBuildOperationRunner.java:26)
[        ] 	at org.gradle.internal.operations.DefaultBuildOperationRunner$2.exe
cute(DefaultBuildOperationRunner.java:66)
[        ] 	at org.gradle.internal.operations.DefaultBuildOperationRunner$2.exe
cute(DefaultBuildOperationRunner.java:59)
[        ] 	at org.gradle.internal.operations.DefaultBuildOperationRunner.execu
te(DefaultBuildOperationRunner.java:166)
[        ] 	at org.gradle.internal.operations.DefaultBuildOperationRunner.execu
te(DefaultBuildOperationRunner.java:59)
[        ] 	at org.gradle.internal.operations.DefaultBuildOperationRunner.run(D
efaultBuildOperationRunner.java:47)
[        ] 	at org.gradle.initialization.BuildOperationFiringSettingsPreparer.p
repareSettings(BuildOperationFiringSettingsPreparer.java:54)
[        ] 	at org.gradle.initialization.VintageBuildModelController.lambda$pre
pareSettings$1(VintageBuildModelController.java:80)
[        ] 	at org.gradle.internal.model.StateTransitionController.lambda$doTra
nsition$14(StateTransitionController.java:255)
[        ] 	at org.gradle.internal.model.StateTransitionController.doTransition
(StateTransitionController.java:266)
[        ] 	at org.gradle.internal.model.StateTransitionController.doTransition
(StateTransitionController.java:254)
[        ] 	at org.gradle.internal.model.StateTransitionController.lambda$trans
itionIfNotPreviously$11(StateTransitionController.java:213)
[        ] 	at org.gradle.internal.work.DefaultSynchronizer.withLock(DefaultSyn
chronizer.java:34)
[        ] 	at org.gradle.internal.model.StateTransitionController.transitionIf
NotPreviously(StateTransitionController.java:209)
[        ] 	at org.gradle.initialization.VintageBuildModelController.prepareSet
tings(VintageBuildModelController.java:80)
[        ] 	at org.gradle.initialization.VintageBuildModelController.prepareToS
cheduleTasks(VintageBuildModelController.java:70)
[        ] 	at org.gradle.internal.build.DefaultBuildLifecycleController.lambda
$prepareToScheduleTasks$6(DefaultBuildLifecycleController.java:175)
[        ] 	at org.gradle.internal.model.StateTransitionController.lambda$doTra
nsition$14(StateTransitionController.java:255)
[        ] 	at org.gradle.internal.model.StateTransitionController.doTransition
(StateTransitionController.java:266)
[        ] 	at org.gradle.internal.model.StateTransitionController.doTransition
(StateTransitionController.java:254)
[        ] 	at org.gradle.internal.model.StateTransitionController.lambda$maybe
Transition$9(StateTransitionController.java:190)
[        ] 	at org.gradle.internal.work.DefaultSynchronizer.withLock(DefaultSyn
chronizer.java:34)
[        ] 	at org.gradle.internal.model.StateTransitionController.maybeTransit
ion(StateTransitionController.java:186)
[        ] 	at org.gradle.internal.build.DefaultBuildLifecycleController.prepar
eToScheduleTasks(DefaultBuildLifecycleController.java:173)
[        ] 	at org.gradle.internal.buildtree.DefaultBuildTreeWorkPreparer.sched
uleRequestedTasks(DefaultBuildTreeWorkPreparer.java:36)
[        ] 	at org.gradle.internal.cc.impl.VintageBuildTreeWorkController$sched
uleAndRunRequestedTasks$1.apply(VintageBuildTreeWorkController.kt:36)
[        ] 	at org.gradle.internal.cc.impl.VintageBuildTreeWorkController$sched
uleAndRunRequestedTasks$1.apply(VintageBuildTreeWorkController.kt:35)
[        ] 	at org.gradle.composite.internal.DefaultIncludedBuildTaskGraph.with
NewWorkGraph(DefaultIncludedBuildTaskGraph.java:112)
[        ] 	at org.gradle.internal.cc.impl.VintageBuildTreeWorkController.sched
uleAndRunRequestedTasks(VintageBuildTreeWorkController.kt:35)
[        ] 	at org.gradle.internal.buildtree.DefaultBuildTreeLifecycleControlle
r.lambda$scheduleAndRunTasks$1(DefaultBuildTreeLifecycleController.java:77)
[        ] 	at org.gradle.internal.buildtree.DefaultBuildTreeLifecycleControlle
r.lambda$runBuild$4(DefaultBuildTreeLifecycleController.java:120)
[        ] 	at org.gradle.internal.model.StateTransitionController.lambda$trans
ition$6(StateTransitionController.java:169)
[        ] 	at org.gradle.internal.model.StateTransitionController.doTransition
(StateTransitionController.java:266)
[        ] 	at org.gradle.internal.model.StateTransitionController.lambda$trans
ition$7(StateTransitionController.java:169)
[        ] 	at org.gradle.internal.work.DefaultSynchronizer.withLock(DefaultSyn
chronizer.java:44)
[        ] 	at org.gradle.internal.model.StateTransitionController.transition(S
tateTransitionController.java:169)
[        ] 	at org.gradle.internal.buildtree.DefaultBuildTreeLifecycleControlle
r.runBuild(DefaultBuildTreeLifecycleController.java:117)
[        ] 	at org.gradle.internal.buildtree.DefaultBuildTreeLifecycleControlle
r.scheduleAndRunTasks(DefaultBuildTreeLifecycleController.java:77)
[        ] 	at org.gradle.internal.buildtree.DefaultBuildTreeLifecycleControlle
r.scheduleAndRunTasks(DefaultBuildTreeLifecycleController.java:72)
[        ] 	at org.gradle.tooling.internal.provider.ExecuteBuildActionRunner.ru
n(ExecuteBuildActionRunner.java:31)
[        ] 	at org.gradle.launcher.exec.ChainingBuildActionRunner.run(ChainingB
uildActionRunner.java:35)
[        ] 	at org.gradle.internal.buildtree.ProblemReportingBuildActionRunner.
run(ProblemReportingBuildActionRunner.java:49)
[        ] 	at org.gradle.launcher.exec.BuildOutcomeReportingBuildActionRunner.
run(BuildOutcomeReportingBuildActionRunner.java:65)
[        ] 	at org.gradle.tooling.internal.provider.FileSystemWatchingBuildActi
onRunner.run(FileSystemWatchingBuildActionRunner.java:140)
[        ] 	at org.gradle.launcher.exec.BuildCompletionNotifyingBuildActionRunn
er.run(BuildCompletionNotifyingBuildActionRunner.java:41)
[        ] 	at org.gradle.launcher.exec.RootBuildLifecycleBuildActionExecutor.l
ambda$execute$0(RootBuildLifecycleBuildActionExecutor.java:54)
[        ] 	at org.gradle.composite.internal.DefaultRootBuildState.run(DefaultR
ootBuildState.java:130)
[        ] 	at org.gradle.launcher.exec.RootBuildLifecycleBuildActionExecutor.e
xecute(RootBuildLifecycleBuildActionExecutor.java:54)
[        ] 	at org.gradle.internal.buildtree.InitDeprecationLoggingActionExecut
or.execute(InitDeprecationLoggingActionExecutor.java:62)
[        ] 	at 
org.gradle.internal.buildtree.InitProblems.execute(InitProblems.java:36)
[        ] 	at org.gradle.internal.buildtree.DefaultBuildTreeContext.execute(De
faultBuildTreeContext.java:40)
[        ] 	at org.gradle.launcher.exec.BuildTreeLifecycleBuildActionExecutor.l
ambda$execute$0(BuildTreeLifecycleBuildActionExecutor.java:71)
[        ] 	at 
org.gradle.internal.buildtree.BuildTreeState.run(BuildTreeState.java:60)
[        ] 	at org.gradle.launcher.exec.BuildTreeLifecycleBuildActionExecutor.e
xecute(BuildTreeLifecycleBuildActionExecutor.java:71)
[        ] 	at org.gradle.launcher.exec.RunAsBuildOperationBuildActionExecutor$
3.call(RunAsBuildOperationBuildActionExecutor.java:61)
[        ] 	at org.gradle.launcher.exec.RunAsBuildOperationBuildActionExecutor$
3.call(RunAsBuildOperationBuildActionExecutor.java:57)
[        ] 	at org.gradle.internal.operations.DefaultBuildOperationRunner$Calla
bleBuildOperationWorker.execute(DefaultBuildOperationRunner.java:209)
[        ] 	at org.gradle.internal.operations.DefaultBuildOperationRunner$Calla
bleBuildOperationWorker.execute(DefaultBuildOperationRunner.java:204)
[        ] 	at org.gradle.internal.operations.DefaultBuildOperationRunner$2.exe
cute(DefaultBuildOperationRunner.java:66)
[        ] 	at org.gradle.internal.operations.DefaultBuildOperationRunner$2.exe
cute(DefaultBuildOperationRunner.java:59)
[        ] 	at org.gradle.internal.operations.DefaultBuildOperationRunner.execu
te(DefaultBuildOperationRunner.java:166)
[        ] 	at org.gradle.internal.operations.DefaultBuildOperationRunner.execu
te(DefaultBuildOperationRunner.java:59)
[        ] 	at org.gradle.internal.operations.DefaultBuildOperationRunner.call(
DefaultBuildOperationRunner.java:53)
[        ] 	at org.gradle.launcher.exec.RunAsBuildOperationBuildActionExecutor.
execute(RunAsBuildOperationBuildActionExecutor.java:57)
[        ] 	at org.gradle.launcher.exec.RunAsWorkerThreadBuildActionExecutor.la
mbda$execute$0(RunAsWorkerThreadBuildActionExecutor.java:36)
[        ] 	at org.gradle.internal.work.DefaultWorkerLeaseService.withLocks(Def
aultWorkerLeaseService.java:263)
[        ] 	at org.gradle.internal.work.DefaultWorkerLeaseService.runAsWorkerTh
read(DefaultWorkerLeaseService.java:127)
[        ] 	at org.gradle.launcher.exec.RunAsWorkerThreadBuildActionExecutor.ex
ecute(RunAsWorkerThreadBuildActionExecutor.java:36)
[        ] 	at org.gradle.tooling.internal.provider.continuous.ContinuousBuildA
ctionExecutor.execute(ContinuousBuildActionExecutor.java:110)
[        ] 	at org.gradle.tooling.internal.provider.SubscribableBuildActionExec
utor.execute(SubscribableBuildActionExecutor.java:64)
[        ] 	at org.gradle.internal.session.DefaultBuildSessionContext.execute(D
efaultBuildSessionContext.java:46)
[        ] 	at org.gradle.internal.buildprocess.execution.BuildSessionLifecycle
BuildActionExecutor$ActionImpl.apply(BuildSessionLifecycleBuildActionExecutor.j
ava:92)
[        ] 	at org.gradle.internal.buildprocess.execution.BuildSessionLifecycle
BuildActionExecutor$ActionImpl.apply(BuildSessionLifecycleBuildActionExecutor.j
ava:80)
[        ] 	at 
org.gradle.internal.session.BuildSessionState.run(BuildSessionState.java:71)
[        ] 	at org.gradle.internal.buildprocess.execution.BuildSessionLifecycle
BuildActionExecutor.execute(BuildSessionLifecycleBuildActionExecutor.java:62)
[   +5 ms] 	at org.gradle.internal.buildprocess.execution.BuildSessionLifecycle
BuildActionExecutor.execute(BuildSessionLifecycleBuildActionExecutor.java:41)
[        ] 	at org.gradle.internal.buildprocess.execution.StartParamsValidating
ActionExecutor.execute(StartParamsValidatingActionExecutor.java:64)
[        ] 	at org.gradle.internal.buildprocess.execution.StartParamsValidating
ActionExecutor.execute(StartParamsValidatingActionExecutor.java:32)
[        ] 	at org.gradle.internal.buildprocess.execution.SessionFailureReporti
ngActionExecutor.execute(SessionFailureReportingActionExecutor.java:51)
[        ] 	at org.gradle.internal.buildprocess.execution.SessionFailureReporti
ngActionExecutor.execute(SessionFailureReportingActionExecutor.java:39)
[        ] 	at org.gradle.internal.buildprocess.execution.SetupLoggingActionExe
cutor.execute(SetupLoggingActionExecutor.java:47)
[        ] 	at org.gradle.internal.buildprocess.execution.SetupLoggingActionExe
cutor.execute(SetupLoggingActionExecutor.java:31)
[        ] 	at org.gradle.launcher.daemon.server.exec.ExecuteBuild.doBuild(Exec
uteBuild.java:70)
[        ] 	at org.gradle.launcher.daemon.server.exec.BuildCommandOnly.execute(
BuildCommandOnly.java:37)
[        ] 	at org.gradle.launcher.daemon.server.api.DaemonCommandExecution.pro
ceed(DaemonCommandExecution.java:104)
[        ] 	at org.gradle.launcher.daemon.server.exec.WatchForDisconnection.exe
cute(WatchForDisconnection.java:39)
[        ] 	at org.gradle.launcher.daemon.server.api.DaemonCommandExecution.pro
ceed(DaemonCommandExecution.java:104)
[        ] 	at org.gradle.launcher.daemon.server.exec.ResetDeprecationLogger.ex
ecute(ResetDeprecationLogger.java:29)
[        ] 	at org.gradle.launcher.daemon.server.api.DaemonCommandExecution.pro
ceed(DaemonCommandExecution.java:104)
[        ] 	at org.gradle.launcher.daemon.server.exec.RequestStopIfSingleUsedDa
emon.execute(RequestStopIfSingleUsedDaemon.java:35)
[        ] 	at org.gradle.launcher.daemon.server.api.DaemonCommandExecution.pro
ceed(DaemonCommandExecution.java:104)
[        ] 	at org.gradle.launcher.daemon.server.exec.ForwardClientInput.lambda
$execute$0(ForwardClientInput.java:40)
[        ] 	at org.gradle.internal.daemon.clientinput.ClientInputForwarder.forw
ardInput(ClientInputForwarder.java:80)
[        ] 	at org.gradle.launcher.daemon.server.exec.ForwardClientInput.execut
e(ForwardClientInput.java:37)
[        ] 	at org.gradle.launcher.daemon.server.api.DaemonCommandExecution.pro
ceed(DaemonCommandExecution.java:104)
[        ] 	at org.gradle.launcher.daemon.server.exec.LogAndCheckHealth.execute
(LogAndCheckHealth.java:64)
[        ] 	at org.gradle.launcher.daemon.server.api.DaemonCommandExecution.pro
ceed(DaemonCommandExecution.java:104)
[        ] 	at 
org.gradle.launcher.daemon.server.exec.LogToClient.doBuild(LogToClient.java:63)
[        ] 	at org.gradle.launcher.daemon.server.exec.BuildCommandOnly.execute(
BuildCommandOnly.java:37)
[        ] 	at org.gradle.launcher.daemon.server.api.DaemonCommandExecution.pro
ceed(DaemonCommandExecution.java:104)
[        ] 	at org.gradle.launcher.daemon.server.exec.EstablishBuildEnvironment
.doBuild(EstablishBuildEnvironment.java:84)
[        ] 	at org.gradle.launcher.daemon.server.exec.BuildCommandOnly.execute(
BuildCommandOnly.java:37)
[        ] 	at org.gradle.launcher.daemon.server.api.DaemonCommandExecution.pro
ceed(DaemonCommandExecution.java:104)
[        ] 	at org.gradle.launcher.daemon.server.exec.StartBuildOrRespondWithBu
sy$1.run(StartBuildOrRespondWithBusy.java:52)
[        ] 	at org.gradle.launcher.daemon.server.DaemonStateCoordinator.lambda$
runCommand$0(DaemonStateCoordinator.java:321)
[        ] 	at org.gradle.internal.concurrent.ExecutorPolicy$CatchAndRecordFail
ures.onExecute(ExecutorPolicy.java:64)
[        ] 	at org.gradle.internal.concurrent.AbstractManagedExecutor$1.run(Abs
tractManagedExecutor.java:48)
[        ] 	at java.base/java.util.concurrent.ThreadPoolExecutor.runWorker(Thre
adPoolExecutor.java:1136)
[  +11 ms] 	at java.base/java.util.concurrent.ThreadPoolExecutor$Worker.run(Thr
eadPoolExecutor.java:635)
[        ] 	at java.base/java.lang.Thread.run(Thread.java:840)
[        ] Caused by: org.gradle.api.ProjectConfigurationException: A problem 
occurred configuring project ':gradle'.
[        ] 	at org.gradle.configuration.project.LifecycleProjectEvaluator.wrapE
xception(LifecycleProjectEvaluator.java:84)
[        ] 	at org.gradle.configuration.project.LifecycleProjectEvaluator.addCo
nfigurationFailure(LifecycleProjectEvaluator.java:77)
[        ] 	at org.gradle.configuration.project.LifecycleProjectEvaluator.acces
s$500(LifecycleProjectEvaluator.java:55)
[        ] 	at org.gradle.configuration.project.LifecycleProjectEvaluator$Evalu
ateProject.lambda$run$0(LifecycleProjectEvaluator.java:111)
[        ] 	at org.gradle.api.internal.project.DefaultProjectStateRegistry$Proj
ectStateImpl.lambda$applyToMutableState$1(DefaultProjectStateRegistry.java:411)
[        ] 	at org.gradle.api.internal.project.DefaultProjectStateRegistry$Proj
ectStateImpl.lambda$fromMutableState$2(DefaultProjectStateRegistry.java:434)
[        ] 	at org.gradle.internal.work.DefaultWorkerLeaseService.withReplacedL
ocks(DefaultWorkerLeaseService.java:359)
[        ] 	at org.gradle.api.internal.project.DefaultProjectStateRegistry$Proj
ectStateImpl.fromMutableState(DefaultProjectStateRegistry.java:434)
[        ] 	at org.gradle.api.internal.project.DefaultProjectStateRegistry$Proj
ectStateImpl.applyToMutableState(DefaultProjectStateRegistry.java:410)
[        ] 	at org.gradle.configuration.project.LifecycleProjectEvaluator$Evalu
ateProject.run(LifecycleProjectEvaluator.java:100)
[        ] 	at org.gradle.internal.operations.DefaultBuildOperationRunner$1.exe
cute(DefaultBuildOperationRunner.java:29)
[        ] 	at org.gradle.internal.operations.DefaultBuildOperationRunner$1.exe
cute(DefaultBuildOperationRunner.java:26)
[        ] 	at org.gradle.internal.operations.DefaultBuildOperationRunner$2.exe
cute(DefaultBuildOperationRunner.java:66)
[        ] 	at org.gradle.internal.operations.DefaultBuildOperationRunner$2.exe
cute(DefaultBuildOperationRunner.java:59)
[        ] 	at org.gradle.internal.operations.DefaultBuildOperationRunner.execu
te(DefaultBuildOperationRunner.java:166)
[        ] 	at org.gradle.internal.operations.DefaultBuildOperationRunner.execu
te(DefaultBuildOperationRunner.java:59)
[        ] 	at org.gradle.internal.operations.DefaultBuildOperationRunner.run(D
efaultBuildOperationRunner.java:47)
[        ] 	at org.gradle.configuration.project.LifecycleProjectEvaluator.evalu
ate(LifecycleProjectEvaluator.java:72)
[        ] 	at org.gradle.api.internal.project.DefaultProject.evaluateUnchecked
(DefaultProject.java:832)
[        ] 	at org.gradle.api.internal.project.ProjectLifecycleController.lambd
a$ensureSelfConfigured$2(ProjectLifecycleController.java:85)
[        ] 	at org.gradle.internal.model.StateTransitionController.lambda$doTra
nsition$14(StateTransitionController.java:255)
[        ] 	at org.gradle.internal.model.StateTransitionController.doTransition
(StateTransitionController.java:266)
[        ] 	at org.gradle.internal.model.StateTransitionController.doTransition
(StateTransitionController.java:254)
[        ] 	at org.gradle.internal.model.StateTransitionController.lambda$maybe
TransitionIfNotCurrentlyTransitioning$10(StateTransitionController.java:199)
[        ] 	at org.gradle.internal.work.DefaultSynchronizer.withLock(DefaultSyn
chronizer.java:34)
[        ] 	at org.gradle.internal.model.StateTransitionController.maybeTransit
ionIfNotCurrentlyTransitioning(StateTransitionController.java:195)
[        ] 	at org.gradle.api.internal.project.ProjectLifecycleController.ensur
eSelfConfigured(ProjectLifecycleController.java:85)
[        ] 	at org.gradle.api.internal.project.DefaultProjectStateRegistry$Proj
ectStateImpl.ensureConfigured(DefaultProjectStateRegistry.java:385)
[        ] 	at org.gradle.execution.TaskPathProjectEvaluator.configure(TaskPath
ProjectEvaluator.java:34)
[        ] 	at org.gradle.execution.TaskPathProjectEvaluator.configureHierarchy
(TaskPathProjectEvaluator.java:48)
[   +5 ms] 	at org.gradle.configuration.DefaultProjectsPreparer.prepareProjects
(DefaultProjectsPreparer.java:42)
[        ] 	at org.gradle.configuration.BuildTreePreparingProjectsPreparer.prep
areProjects(BuildTreePreparingProjectsPreparer.java:65)
[        ] 	at org.gradle.configuration.BuildOperationFiringProjectsPreparer$Co
nfigureBuild.run(BuildOperationFiringProjectsPreparer.java:52)
[        ] 	at org.gradle.internal.operations.DefaultBuildOperationRunner$1.exe
cute(DefaultBuildOperationRunner.java:29)
[        ] 	at org.gradle.internal.operations.DefaultBuildOperationRunner$1.exe
cute(DefaultBuildOperationRunner.java:26)
[        ] 	at org.gradle.internal.operations.DefaultBuildOperationRunner$2.exe
cute(DefaultBuildOperationRunner.java:66)
[        ] 	at org.gradle.internal.operations.DefaultBuildOperationRunner$2.exe
cute(DefaultBuildOperationRunner.java:59)
[        ] 	at org.gradle.internal.operations.DefaultBuildOperationRunner.execu
te(DefaultBuildOperationRunner.java:166)
[        ] 	at org.gradle.internal.operations.DefaultBuildOperationRunner.execu
te(DefaultBuildOperationRunner.java:59)
[        ] 	at org.gradle.internal.operations.DefaultBuildOperationRunner.run(D
efaultBuildOperationRunner.java:47)
[        ] 	at org.gradle.configuration.BuildOperationFiringProjectsPreparer.pr
epareProjects(BuildOperationFiringProjectsPreparer.java:40)
[        ] 	at org.gradle.initialization.VintageBuildModelController.lambda$pre
pareProjects$2(VintageBuildModelController.java:84)
[        ] 	at org.gradle.internal.model.StateTransitionController.lambda$doTra
nsition$14(StateTransitionController.java:255)
[        ] 	at org.gradle.internal.model.StateTransitionController.doTransition
(StateTransitionController.java:266)
[        ] 	at org.gradle.internal.model.StateTransitionController.doTransition
(StateTransitionController.java:254)
[        ] 	at org.gradle.internal.model.StateTransitionController.lambda$trans
itionIfNotPreviously$11(StateTransitionController.java:213)
[        ] 	at org.gradle.internal.work.DefaultSynchronizer.withLock(DefaultSyn
chronizer.java:34)
[        ] 	at org.gradle.internal.model.StateTransitionController.transitionIf
NotPreviously(StateTransitionController.java:209)
[        ] 	at org.gradle.initialization.VintageBuildModelController.preparePro
jects(VintageBuildModelController.java:84)
[        ] 	at org.gradle.initialization.VintageBuildModelController.getConfigu
redModel(VintageBuildModelController.java:64)
[        ] 	at org.gradle.internal.model.StateTransitionController.lambda$notIn
State$3(StateTransitionController.java:132)
[        ] 	at org.gradle.internal.work.DefaultSynchronizer.withLock(DefaultSyn
chronizer.java:44)
[        ] 	at org.gradle.internal.model.StateTransitionController.notInState(S
tateTransitionController.java:128)
[        ] 	at org.gradle.internal.build.DefaultBuildLifecycleController.config
ureProjects(DefaultBuildLifecycleController.java:128)
[        ] 	at org.gradle.internal.build.AbstractBuildState.ensureProjectsConfi
gured(AbstractBuildState.java:145)
[        ] 	at org.gradle.internal.buildtree.BuildInclusionCoordinator.prepareF
orPluginResolution(BuildInclusionCoordinator.java:89)
[        ] 	at org.gradle.internal.composite.DefaultBuildIncluder.prepareForPlu
ginResolution(DefaultBuildIncluder.java:92)
[        ] 	at org.gradle.composite.internal.plugins.CompositeBuildPluginResolv
erContributor$CompositeBuildPluginResolver.resolveFromIncludedPluginBuilds(Comp
ositeBuildPluginResolverContributor.java:112)
[        ] 	at org.gradle.composite.internal.plugins.CompositeBuildPluginResolv
erContributor$CompositeBuildPluginResolver.doResolve(CompositeBuildPluginResolv
erContributor.java:89)
[        ] 	at java.base/java.util.concurrent.ConcurrentHashMap.computeIfAbsent
(ConcurrentHashMap.java:1708)
[        ] 	at org.gradle.composite.internal.plugins.CompositeBuildPluginResolv
erContributor$CompositeBuildPluginResolver.resolve(CompositeBuildPluginResolver
Contributor.java:78)
[        ] 	at org.gradle.plugin.use.resolve.internal.CompositePluginResolver.r
esolve(CompositePluginResolver.java:36)
[  +15 ms] 	at org.gradle.plugin.use.resolve.internal.AlreadyOnClasspathPluginR
esolver.resolve(AlreadyOnClasspathPluginResolver.java:65)
[        ] 	at org.gradle.plugin.use.internal.DefaultPluginRequestApplicator.re
solvePluginRequest(DefaultPluginRequestApplicator.java:185)
[        ] 	... 159 more
[        ] Caused by: 
org.gradle.internal.operations.MultipleBuildOperationFailures: Multiple build 
operations failed.
[        ]     Could not read workspace metadata from C:\Users\rajan\.gradle\ca
ches\8.10.2\transforms\12092c73883b5d413c5343450519df07\metadata.bin
[        ]     Could not read workspace metadata from C:\Users\rajan\.gradle\ca
ches\8.10.2\transforms\7670d2a327deccefbb4319f656d52ccf\metadata.bin
[        ]     Could not read workspace metadata from C:\Users\rajan\.gradle\ca
ches\8.10.2\transforms\6e60bae89f675d073b6ad72ed848c935\metadata.bin
[        ]     Could not read workspace metadata from C:\Users\rajan\.gradle\ca
ches\8.10.2\transforms\350d477d5814a2c2469bb01406d4e0ef\metadata.bin
[        ]     Could not read workspace metadata from C:\Users\rajan\.gradle\ca
ches\8.10.2\transforms\2991233e4c4a8b93278c82b5a335c976\metadata.bin
[        ]     Could not read workspace metadata from C:\Users\rajan\.gradle\ca
ches\8.10.2\transforms\8a6df3199fe4ce9eb355a963c05b45df\metadata.bin
[        ]     Could not read workspace metadata from C:\Users\rajan\.gradle\ca
ches\8.10.2\transforms\52bf080e7b5383cfc016c16fc75f36f8\metadata.bin
[        ]     Could not read workspace metadata from C:\Users\rajan\.gradle\ca
ches\8.10.2\transforms\2072417fc4efeafd12cfc28f127372c8\metadata.bin
[        ]     Could not read workspace metadata from C:\Users\rajan\.gradle\ca
ches\8.10.2\transforms\3ace6054e73c5717226796a0ad06a80f\metadata.bin
[        ]     Could not read workspace metadata from C:\Users\rajan\.gradle\ca
ches\8.10.2\transforms\547b069c0e108165162488b4df7d242b\metadata.bin
[        ]     ...and 4 more failures.
[        ] 	at org.gradle.internal.operations.DefaultBuildOperationQueue.markFi
nished(DefaultBuildOperationQueue.java:158)
[        ] 	at org.gradle.internal.operations.DefaultBuildOperationQueue.lambda
$waitForWorkToComplete$0(DefaultBuildOperationQueue.java:148)
[        ] 	at org.gradle.internal.Factories$1.create(Factories.java:31)
[        ] 	at org.gradle.internal.work.DefaultWorkerLeaseService.withoutLocks(
DefaultWorkerLeaseService.java:335)
[        ] 	at org.gradle.internal.work.DefaultWorkerLeaseService.withoutLocks(
DefaultWorkerLeaseService.java:318)
[        ] 	at org.gradle.internal.work.DefaultWorkerLeaseService.blocking(Defa
ultWorkerLeaseService.java:224)
[        ] 	at org.gradle.internal.operations.DefaultBuildOperationQueue.waitFo
rWorkToComplete(DefaultBuildOperationQueue.java:136)
[        ] 	at org.gradle.internal.operations.DefaultBuildOperationQueue.waitFo
rCompletion(DefaultBuildOperationQueue.java:107)
[        ] 	at org.gradle.internal.operations.DefaultBuildOperationExecutor.exe
cuteInParallel(DefaultBuildOperationExecutor.java:106)
[        ] 	at org.gradle.internal.operations.DefaultBuildOperationExecutor.run
All(DefaultBuildOperationExecutor.java:65)
[        ] 	at org.gradle.api.internal.artifacts.ivyservice.resolveengine.artif
act.ParallelResolveArtifactSet$VisitingSet.visit(ParallelResolveArtifactSet.jav
a:66)
[        ] 	at org.gradle.api.internal.artifacts.ivyservice.resolveengine.artif
act.ResolvedArtifactSetResolver$1.run(ResolvedArtifactSetResolver.java:65)
[        ] 	at org.gradle.internal.operations.DefaultBuildOperationRunner$1.exe
cute(DefaultBuildOperationRunner.java:29)
[        ] 	at org.gradle.internal.operations.DefaultBuildOperationRunner$1.exe
cute(DefaultBuildOperationRunner.java:26)
[        ] 	at org.gradle.internal.operations.DefaultBuildOperationRunner$2.exe
cute(DefaultBuildOperationRunner.java:66)
[        ] 	at org.gradle.internal.operations.DefaultBuildOperationRunner$2.exe
cute(DefaultBuildOperationRunner.java:59)
[        ] 	at org.gradle.internal.operations.DefaultBuildOperationRunner.execu
te(DefaultBuildOperationRunner.java:166)
[   +1 ms] 	at org.gradle.internal.operations.DefaultBuildOperationRunner.execu
te(DefaultBuildOperationRunner.java:59)
[        ] 	at org.gradle.internal.operations.DefaultBuildOperationRunner.run(D
efaultBuildOperationRunner.java:47)
[        ] 	at org.gradle.api.internal.artifacts.ivyservice.resolveengine.artif
act.ResolvedArtifactSetResolver.visitArtifacts(ResolvedArtifactSetResolver.java
:62)
[        ] 	at org.gradle.api.internal.artifacts.ivyservice.resolveengine.artif
act.ResolvedArtifactSetResolver.lambda$visitInUnmanagedWorkerThread$0(ResolvedA
rtifactSetResolver.java:58)
[        ] 	at org.gradle.internal.work.DefaultWorkerLeaseService.runAsUnmanage
dWorkerThread(DefaultWorkerLeaseService.java:139)
[        ] 	at org.gradle.api.internal.artifacts.ivyservice.resolveengine.artif
act.ResolvedArtifactSetResolver.visitInUnmanagedWorkerThread(ResolvedArtifactSe
tResolver.java:58)
[        ] 	at org.gradle.api.internal.artifacts.ivyservice.resolveengine.artif
act.DefaultSelectedArtifactSet.visitArtifacts(DefaultSelectedArtifactSet.java:5
9)
[        ] 	at org.gradle.api.internal.artifacts.configurations.DefaultArtifact
Collection.lambda$new$0(DefaultArtifactCollection.java:46)
[        ] 	at org.gradle.internal.model.CalculatedValueContainerFactory$Suppli
erBackedCalculator.calculateValue(CalculatedValueContainerFactory.java:78)
[        ] 	at org.gradle.internal.model.CalculatedValueContainer$CalculationSt
ate.lambda$attachValue$0(CalculatedValueContainer.java:228)
[        ] 	at org.gradle.internal.Try.ofFailable(Try.java:50)
[        ] 	at org.gradle.internal.model.CalculatedValueContainer$CalculationSt
ate.attachValue(CalculatedValueContainer.java:223)
[        ] 	at org.gradle.internal.model.CalculatedValueContainer.finalizeIfNot
Already(CalculatedValueContainer.java:194)
[        ] 	at org.gradle.internal.model.CalculatedValueContainer.finalizeIfNot
Already(CalculatedValueContainer.java:185)
[        ] 	at org.gradle.api.internal.artifacts.configurations.DefaultArtifact
Collection.ensureResolved(DefaultArtifactCollection.java:103)
[        ] 	at org.gradle.api.internal.artifacts.configurations.DefaultArtifact
Collection.getArtifacts(DefaultArtifactCollection.java:75)
[        ] 	at org.gradle.api.internal.initialization.transform.utils.Instrumen
tationClasspathMerger.mergeToClasspath(InstrumentationClasspathMerger.java:51)
[        ] 	at org.gradle.api.internal.initialization.DefaultScriptClassPathRes
olver.resolveClassPath(DefaultScriptClassPathResolver.java:140)
[        ] 	at org.gradle.api.internal.initialization.DefaultBuildLogicBuilder.
lambda$resolveClassPath$0(DefaultBuildLogicBuilder.java:63)
[        ] 	at org.gradle.api.internal.initialization.DefaultBuildLogicBuildQue
ue.build(DefaultBuildLogicBuildQueue.java:56)
[        ] 	at org.gradle.api.internal.initialization.DefaultBuildLogicBuilder.
resolveClassPath(DefaultBuildLogicBuilder.java:60)
[        ] 	at org.gradle.api.internal.initialization.DefaultScriptHandler.lamb
da$getInstrumentedScriptClassPath$0(DefaultScriptHandler.java:106)
[        ] 	at org.gradle.api.internal.artifacts.configurations.DefaultConfigur
ation.callAndResetResolutionState(DefaultConfiguration.java:957)
[        ] 	at org.gradle.api.internal.initialization.DefaultScriptHandler.getI
nstrumentedScriptClassPath(DefaultScriptHandler.java:110)
[        ] 	at org.gradle.plugin.use.internal.DefaultPluginRequestApplicator.ap
plyPlugins(DefaultPluginRequestApplicator.java:125)
[        ] 	at org.gradle.kotlin.dsl.provider.PluginRequestsHandler.handle(Plug
inRequestsHandler.kt:45)
[        ] 	at org.gradle.kotlin.dsl.provider.StandardKotlinScriptEvaluator$Int
erpreterHost.applyPluginsTo(KotlinScriptEvaluator.kt:220)
[        ] 	at org.gradle.kotlin.dsl.execution.Interpreter$ProgramHost.applyPlu
ginsTo(Interpreter.kt:387)
[        ] 	at Program.execute(Unknown Source)
[        ] 	at org.gradle.kotlin.dsl.execution.Interpreter$ProgramHost.eval(Int
erpreter.kt:516)
[        ] 	at 
org.gradle.kotlin.dsl.execution.Interpreter.eval(Interpreter.kt:194)
[        ] 	at org.gradle.kotlin.dsl.provider.StandardKotlinScriptEvaluator.eva
luate(KotlinScriptEvaluator.kt:125)
[   +4 ms] 	at org.gradle.kotlin.dsl.provider.KotlinScriptPluginFactory$create$
1.invoke(KotlinScriptPluginFactory.kt:46)
[        ] 	at org.gradle.kotlin.dsl.provider.KotlinScriptPluginFactory$create$
1.invoke(KotlinScriptPluginFactory.kt:43)
[        ] 	at org.gradle.kotlin.dsl.provider.KotlinScriptPlugin.apply(KotlinSc
riptPlugin.kt:35)
[        ] 	at org.gradle.configuration.BuildOperationScriptPlugin$1.run(BuildO
perationScriptPlugin.java:68)
[        ] 	at org.gradle.internal.operations.DefaultBuildOperationRunner$1.exe
cute(DefaultBuildOperationRunner.java:29)
[        ] 	at org.gradle.internal.operations.DefaultBuildOperationRunner$1.exe
cute(DefaultBuildOperationRunner.java:26)
[        ] 	at org.gradle.internal.operations.DefaultBuildOperationRunner$2.exe
cute(DefaultBuildOperationRunner.java:66)
[        ] 	at org.gradle.internal.operations.DefaultBuildOperationRunner$2.exe
cute(DefaultBuildOperationRunner.java:59)
[        ] 	at org.gradle.internal.operations.DefaultBuildOperationRunner.execu
te(DefaultBuildOperationRunner.java:166)
[        ] 	at org.gradle.internal.operations.DefaultBuildOperationRunner.execu
te(DefaultBuildOperationRunner.java:59)
[        ] 	at org.gradle.internal.operations.DefaultBuildOperationRunner.run(D
efaultBuildOperationRunner.java:47)
[        ] 	at org.gradle.configuration.BuildOperationScriptPlugin.lambda$apply
$0(BuildOperationScriptPlugin.java:65)
[        ] 	at org.gradle.internal.code.DefaultUserCodeApplicationContext.apply
(DefaultUserCodeApplicationContext.java:44)
[        ] 	at org.gradle.configuration.BuildOperationScriptPlugin.apply(BuildO
perationScriptPlugin.java:65)
[        ] 	at org.gradle.api.internal.project.DefaultProjectStateRegistry$Proj
ectStateImpl.lambda$applyToMutableState$1(DefaultProjectStateRegistry.java:411)
[        ] 	at org.gradle.api.internal.project.DefaultProjectStateRegistry$Proj
ectStateImpl.fromMutableState(DefaultProjectStateRegistry.java:429)
[        ] 	at org.gradle.api.internal.project.DefaultProjectStateRegistry$Proj
ectStateImpl.applyToMutableState(DefaultProjectStateRegistry.java:410)
[        ] 	at org.gradle.configuration.project.BuildScriptProcessor.execute(Bu
ildScriptProcessor.java:46)
[        ] 	at org.gradle.configuration.project.BuildScriptProcessor.execute(Bu
ildScriptProcessor.java:27)
[        ] 	at org.gradle.configuration.project.ConfigureActionsProjectEvaluato
r.evaluate(ConfigureActionsProjectEvaluator.java:35)
[        ] 	at org.gradle.configuration.project.LifecycleProjectEvaluator$Evalu
ateProject.lambda$run$0(LifecycleProjectEvaluator.java:109)
[        ] 	... 219 more
[        ] Caused by: java.io.UncheckedIOException: Could not read workspace 
metadata from C:\Users\rajan\.gradle\caches\8.10.2\transforms\12092c73883b5d413
c5343450519df07\metadata.bin
[        ] 	at org.gradle.internal.execution.history.impl.DefaultImmutableWorks
paceMetadataStore.loadWorkspaceMetadata(DefaultImmutableWorkspaceMetadataStore.
java:60)
[        ] 	at org.gradle.internal.execution.steps.AssignImmutableWorkspaceStep
.loadImmutableWorkspaceIfConsistent(AssignImmutableWorkspaceStep.java:147)
[        ] 	at org.gradle.internal.execution.steps.AssignImmutableWorkspaceStep
.loadImmutableWorkspaceIfExists(AssignImmutableWorkspaceStep.java:129)
[        ] 	at org.gradle.internal.execution.steps.AssignImmutableWorkspaceStep
.execute(AssignImmutableWorkspaceStep.java:120)
[        ] 	at org.gradle.internal.execution.steps.AssignImmutableWorkspaceStep
.execute(AssignImmutableWorkspaceStep.java:90)
[        ] 	at org.gradle.internal.execution.steps.ChoosePipelineStep.execute(C
hoosePipelineStep.java:38)
[        ] 	at org.gradle.internal.execution.steps.ChoosePipelineStep.execute(C
hoosePipelineStep.java:23)
[        ] 	at org.gradle.internal.execution.steps.ExecuteWorkBuildOperationFir
ingStep.lambda$execute$0(ExecuteWorkBuildOperationFiringStep.java:53)
[        ] 	at org.gradle.internal.execution.steps.BuildOperationStep$1.call(Bu
ildOperationStep.java:37)
[        ] 	at org.gradle.internal.operations.DefaultBuildOperationRunner$Calla
bleBuildOperationWorker.execute(DefaultBuildOperationRunner.java:209)
[   +1 ms] 	at org.gradle.internal.operations.DefaultBuildOperationRunner$Calla
bleBuildOperationWorker.execute(DefaultBuildOperationRunner.java:204)
[        ] 	at org.gradle.internal.operations.DefaultBuildOperationRunner$2.exe
cute(DefaultBuildOperationRunner.java:66)
[        ] 	at org.gradle.internal.operations.DefaultBuildOperationRunner$2.exe
cute(DefaultBuildOperationRunner.java:59)
[        ] 	at org.gradle.internal.operations.DefaultBuildOperationRunner.execu
te(DefaultBuildOperationRunner.java:166)
[        ] 	at org.gradle.internal.operations.DefaultBuildOperationRunner.execu
te(DefaultBuildOperationRunner.java:59)
[        ] 	at org.gradle.internal.operations.DefaultBuildOperationRunner.call(
DefaultBuildOperationRunner.java:53)
[        ] 	at org.gradle.internal.execution.steps.BuildOperationStep.operation
(BuildOperationStep.java:34)
[        ] 	at org.gradle.internal.execution.steps.ExecuteWorkBuildOperationFir
ingStep.lambda$execute$1(ExecuteWorkBuildOperationFiringStep.java:51)
[        ] 	at java.base/java.util.Optional.map(Optional.java:260)
[        ] 	at org.gradle.internal.execution.steps.ExecuteWorkBuildOperationFir
ingStep.execute(ExecuteWorkBuildOperationFiringStep.java:51)
[        ] 	at org.gradle.internal.execution.steps.ExecuteWorkBuildOperationFir
ingStep.execute(ExecuteWorkBuildOperationFiringStep.java:39)
[        ] 	at org.gradle.internal.execution.steps.IdentityCacheStep.execute(Id
entityCacheStep.java:46)
[        ] 	at org.gradle.internal.execution.steps.IdentityCacheStep.executeInC
ache(IdentityCacheStep.java:80)
[        ] 	at org.gradle.internal.execution.steps.IdentityCacheStep.lambda$exe
cuteDeferred$0(IdentityCacheStep.java:60)
[        ] 	at org.gradle.cache.Cache.lambda$get$0(Cache.java:31)
[        ] 	at java.base/java.util.concurrent.ConcurrentHashMap.computeIfAbsent
(ConcurrentHashMap.java:1708)
[        ] 	at org.gradle.cache.ManualEvictionInMemoryCache.get(ManualEvictionI
nMemoryCache.java:30)
[        ] 	at org.gradle.cache.internal.DefaultCrossBuildInMemoryCacheFactory$
CrossBuildCacheRetainingDataFromPreviousBuild.get(DefaultCrossBuildInMemoryCach
eFactory.java:255)
[        ] 	at org.gradle.cache.Cache.get(Cache.java:31)
[        ] 	at org.gradle.internal.execution.steps.IdentityCacheStep.lambda$exe
cuteDeferred$1(IdentityCacheStep.java:58)
[        ] 	at 
org.gradle.internal.Deferrable$3.completeAndGet(Deferrable.java:117)
[        ] 	at 
org.gradle.internal.Deferrable$1.completeAndGet(Deferrable.java:59)
[        ] 	at org.gradle.api.internal.artifacts.transform.TransformStep.doTran
sform(TransformStep.java:99)
[        ] 	at org.gradle.api.internal.artifacts.transform.TransformStep.lambda
$createInvocation$0(TransformStep.java:83)
[        ] 	at 
org.gradle.internal.Deferrable$3.completeAndGet(Deferrable.java:117)
[        ] 	at 
org.gradle.internal.Deferrable.lambda$flatMap$0(Deferrable.java:80)
[        ] 	at 
org.gradle.internal.Deferrable$3.completeAndGet(Deferrable.java:117)
[        ] 	at org.gradle.api.internal.artifacts.transform.TransformingAsyncArt
ifactListener$TransformedArtifact.finalizeValue(TransformingAsyncArtifactListen
er.java:209)
[        ] 	at org.gradle.api.internal.artifacts.transform.TransformingAsyncArt
ifactListener$TransformedArtifact.run(TransformingAsyncArtifactListener.java:14
7)
[        ] 	at org.gradle.internal.operations.DefaultBuildOperationRunner$2.exe
cute(DefaultBuildOperationRunner.java:66)
[        ] 	at org.gradle.internal.operations.DefaultBuildOperationRunner$2.exe
cute(DefaultBuildOperationRunner.java:59)
[        ] 	at org.gradle.internal.operations.DefaultBuildOperationRunner.execu
te(DefaultBuildOperationRunner.java:166)
[        ] 	at org.gradle.internal.operations.DefaultBuildOperationRunner.execu
te(DefaultBuildOperationRunner.java:59)
[        ] 	at org.gradle.internal.operations.DefaultBuildOperationExecutor$Que
ueWorker.execute(DefaultBuildOperationExecutor.java:161)
[        ] 	at org.gradle.internal.operations.DefaultBuildOperationQueue$Worker
Runnable.runOperation(DefaultBuildOperationQueue.java:272)
[        ] 	at org.gradle.internal.operations.DefaultBuildOperationQueue$Worker
Runnable.doRunBatch(DefaultBuildOperationQueue.java:253)
[        ] 	at org.gradle.internal.operations.DefaultBuildOperationQueue$Worker
Runnable.lambda$runBatch$0(DefaultBuildOperationQueue.java:238)
[        ] 	at org.gradle.internal.resources.AbstractResourceLockRegistry.while
DisallowingLockChanges(AbstractResourceLockRegistry.java:50)
[        ] 	at org.gradle.internal.work.DefaultWorkerLeaseService.whileDisallow
ingProjectLockChanges(DefaultWorkerLeaseService.java:235)
[        ] 	at org.gradle.internal.operations.DefaultBuildOperationQueue$Worker
Runnable.lambda$runBatch$1(DefaultBuildOperationQueue.java:238)
[        ] 	at org.gradle.internal.work.DefaultWorkerLeaseService.withLocks(Def
aultWorkerLeaseService.java:263)
[        ] 	at org.gradle.internal.work.DefaultWorkerLeaseService.runAsWorkerTh
read(DefaultWorkerLeaseService.java:127)
[        ] 	at org.gradle.internal.operations.DefaultBuildOperationQueue$Worker
Runnable.runBatch(DefaultBuildOperationQueue.java:224)
[        ] 	at org.gradle.internal.operations.DefaultBuildOperationQueue$Worker
Runnable.run(DefaultBuildOperationQueue.java:192)
[        ] 	... 5 more
[        ] Caused by: java.io.FileNotFoundException: C:\Users\rajan\.gradle\cac
hes\8.10.2\transforms\12092c73883b5d413c5343450519df07\metadata.bin (The 
system cannot find the file specified)
[        ] 	at java.base/java.io.FileInputStream.open0(Native Method)
[        ] 	at java.base/java.io.FileInputStream.open(FileInputStream.java:216)
[        ] 	at 
java.base/java.io.FileInputStream.<init>(FileInputStream.java:157)
[        ] 	at org.gradle.internal.execution.history.impl.DefaultImmutableWorks
paceMetadataStore.loadWorkspaceMetadata(DefaultImmutableWorkspaceMetadataStore.
java:45)
[        ] 	... 58 more
[        ] BUILD FAILED in 1s
[ +103 ms] Running Gradle task 'assembleRelease'... (completed in 1,911ms)
[   +6 ms] [!] Gradle threw an error while downloading artifacts from the 
network.
[        ] Retrying Gradle Build: #1, wait time: 100ms
[ +110 ms] Running Gradle task 'assembleRelease'...
[        ] executing: [C:\My Projects\Flutter Project\FG Pay\fraudguard_pay\android/] C:\My Projects\Flutter Project\FG Pay\fraudguard_pay\android\gradlew.bat --full-stacktrace --info -Pverbose=true -Ptarget-platform=android-arm,android-arm64,android-x64 -Ptarget=lib\main.dart -Pbase-application-name=android.app.Application -Pdart-obfuscation=false -Ptrack-widget-creation=true -Ptree-shake-icons=true assembleRelease
[ +693 ms] Initialized native services in: C:\Users\rajan\.gradle\native
[ +111 ms] Received JVM installation metadata from 'C:\Program Files\Android\Android Studio\jbr': {JAVA_HOME=C:\Program Files\Android\Android Studio\jbr, JAVA_VERSION=17.0.11, JAVA_VENDOR=JetBrains s.r.o., RUNTIME_NAME=OpenJDK Runtime Environment, RUNTIME_VERSION=17.0.11+0--11852314, VM_NAME=OpenJDK 64-Bit Server VM, VM_VERSION=17.0.11+0--11852314, VM_VENDOR=JetBrains s.r.o., OS_ARCH=amd64}
[ +409 ms] The client will now receive all logging from the daemon (pid: 17048). The daemon log file: C:\Users\rajan\.gradle\daemon\8.10.2\daemon-17048.out.log
[        ] Starting 4th build in daemon [uptime: 1 mins 24.672 secs, performance: 100%, GC rate: 0.00/s, heap usage: 0% of 8 GiB, non-heap usage: 3% of 4 GiB]
[        ] Using 8 worker leases.
[        ] Watching the file system is configured to be enabled if available
[        ] File system watching is inactive
[        ] Starting Build
[  +95 ms] > Configure project :gradle
[        ] Evaluating project ':gradle' using build file 'C:\Users\rajan\flutter\packages\flutter_tools\gradle\build.gradle.kts'.
[        ] Transforming gradle-kotlin-dsl-plugins-4.5.0.jar (org.gradle.kotlin:gradle-kotlin-dsl-plugins:4.5.0) with InstrumentationAnalysisTransform
[        ] Transforming kotlin-stdlib-1.9.24.jar (org.jetbrains.kotlin:kotlin-stdlib:1.9.24) with InstrumentationAnalysisTransform
[        ] Transforming annotations-13.0.jar (org.jetbrains:annotations:13.0) with InstrumentationAnalysisTransform
[        ] Transforming kotlin-sam-with-receiver-1.9.24-gradle82.jar (org.jetbrains.kotlin:kotlin-sam-with-receiver:1.9.24) with InstrumentationAnalysisTransform
[        ] Transforming kotlin-assignment-1.9.24-gradle82.jar (org.jetbrains.kotlin:kotlin-assignment:1.9.24) with InstrumentationAnalysisTransform
[        ] Transforming kotlin-gradle-plugin-model-1.9.24.jar (org.jetbrains.kotlin:kotlin-gradle-plugin-model:1.9.24) with InstrumentationAnalysisTransform
[        ] Transforming kotlin-gradle-plugin-api-1.9.24.jar (org.jetbrains.kotlin:kotlin-gradle-plugin-api:1.9.24) with InstrumentationAnalysisTransform
[        ] Transforming kotlin-gradle-plugin-api-1.9.24-gradle82.jar (org.jetbrains.kotlin:kotlin-gradle-plugin-api:1.9.24) with InstrumentationAnalysisTransform
[        ] Transforming kotlin-gradle-plugin-1.9.24-gradle82.jar (org.jetbrains.kotlin:kotlin-gradle-plugin:1.9.24) with InstrumentationAnalysisTransform
[        ] Transforming kotlin-gradle-plugin-idea-proto-1.9.24.jar (org.jetbrains.kotlin:kotlin-gradle-plugin-idea-proto:1.9.24) with InstrumentationAnalysisTransform
[        ] Transforming kotlin-gradle-plugin-idea-1.9.24.jar (org.jetbrains.kotlin:kotlin-gradle-plugin-idea:1.9.24) with InstrumentationAnalysisTransform
[        ] Transforming kotlin-klib-commonizer-api-1.9.24.jar (org.jetbrains.kotlin:kotlin-klib-commonizer-api:1.9.24) with InstrumentationAnalysisTransform
[        ] Transforming kotlin-native-utils-1.9.24.jar (org.jetbrains.kotlin:kotlin-native-utils:1.9.24) with InstrumentationAnalysisTransform
[        ] Transforming kotlin-util-klib-1.9.24.jar (org.jetbrains.kotlin:kotlin-util-klib:1.9.24) with InstrumentationAnalysisTransform
[        ] Transforming kotlin-build-tools-api-1.9.24.jar (org.jetbrains.kotlin:kotlin-build-tools-api:1.9.24) with InstrumentationAnalysisTransform
[        ] Transforming kotlin-android-extensions-1.9.24.jar (org.jetbrains.kotlin:kotlin-android-extensions:1.9.24) with InstrumentationAnalysisTransform
[        ] Transforming kotlin-compiler-runner-1.9.24.jar (org.jetbrains.kotlin:kotlin-compiler-runner:1.9.24) with InstrumentationAnalysisTransform
[        ] Transforming kotlin-compiler-embeddable-1.9.24.jar (org.jetbrains.kotlin:kotlin-compiler-embeddable:1.9.24) with InstrumentationAnalysisTransform
[        ] Transforming kotlin-scripting-compiler-embeddable-1.9.24.jar (org.jetbrains.kotlin:kotlin-scripting-compiler-embeddable:1.9.24) with InstrumentationAnalysisTransform
[        ] Transforming kotlin-scripting-compiler-impl-embeddable-1.9.24.jar (org.jetbrains.kotlin:kotlin-scripting-compiler-impl-embeddable:1.9.24) with InstrumentationAnalysisTransform
[        ] Transforming kotlin-gradle-plugin-annotations-1.9.24.jar (org.jetbrains.kotlin:kotlin-gradle-plugin-annotations:1.9.24) with InstrumentationAnalysisTransform
[        ] Transforming kotlin-project-model-1.9.24.jar (org.jetbrains.kotlin:kotlin-project-model:1.9.24) with InstrumentationAnalysisTransform
[        ] Transforming kotlin-tooling-core-1.9.24.jar (org.jetbrains.kotlin:kotlin-tooling-core:1.9.24) with InstrumentationAnalysisTransform
[        ] Transforming kotlin-util-io-1.9.24.jar (org.jetbrains.kotlin:kotlin-util-io:1.9.24) with InstrumentationAnalysisTransform
[        ] Transforming kotlin-daemon-embeddable-1.9.24.jar (org.jetbrains.kotlin:kotlin-daemon-embeddable:1.9.24) with InstrumentationAnalysisTransform
[        ] Transforming trove4j-1.0.20200330.jar (org.jetbrains.intellij.deps:trove4j:1.0.20200330) with InstrumentationAnalysisTransform
[        ] Transforming kotlin-daemon-client-1.9.24.jar (org.jetbrains.kotlin:kotlin-daemon-client:1.9.24) with InstrumentationAnalysisTransform
[        ] Transforming kotlinx-coroutines-core-jvm-1.5.0.jar (org.jetbrains.kotlinx:kotlinx-coroutines-core-jvm:1.5.0) with InstrumentationAnalysisTransform
[        ] Transforming kotlin-scripting-jvm-1.9.24.jar (org.jetbrains.kotlin:kotlin-scripting-jvm:1.9.24) with InstrumentationAnalysisTransform
[        ] Transforming kotlin-scripting-common-1.9.24.jar (org.jetbrains.kotlin:kotlin-scripting-common:1.9.24) with InstrumentationAnalysisTransform
[        ] Transforming gradle-kotlin-dsl-plugins-4.5.0.jar (org.gradle.kotlin:gradle-kotlin-dsl-plugins:4.5.0) with InstrumentationAnalysisTransform
[        ] Transforming gradle-kotlin-dsl-plugins-4.5.0.jar (org.gradle.kotlin:gradle-kotlin-dsl-plugins:4.5.0) with MergeInstrumentationAnalysisTransform
[        ] Transforming kotlin-stdlib-1.9.24.jar (org.jetbrains.kotlin:kotlin-stdlib:1.9.24) with InstrumentationAnalysisTransform
[        ] Transforming kotlin-stdlib-1.9.24.jar (org.jetbrains.kotlin:kotlin-stdlib:1.9.24) with MergeInstrumentationAnalysisTransform
[        ] Transforming annotations-13.0.jar (org.jetbrains:annotations:13.0) with InstrumentationAnalysisTransform
[        ] Transforming annotations-13.0.jar (org.jetbrains:annotations:13.0) with MergeInstrumentationAnalysisTransform
[        ] Transforming kotlin-sam-with-receiver-1.9.24-gradle82.jar (org.jetbrains.kotlin:kotlin-sam-with-receiver:1.9.24) with InstrumentationAnalysisTransform
[        ] Transforming kotlin-sam-with-receiver-1.9.24-gradle82.jar (org.jetbrains.kotlin:kotlin-sam-with-receiver:1.9.24) with MergeInstrumentationAnalysisTransform
[        ] Transforming kotlin-assignment-1.9.24-gradle82.jar (org.jetbrains.kotlin:kotlin-assignment:1.9.24) with InstrumentationAnalysisTransform
[        ] Transforming gradle-kotlin-dsl-plugins-4.5.0.jar (org.gradle.kotlin:gradle-kotlin-dsl-plugins:4.5.0) with ExternalDependencyInstrumentingArtifactTransform
[        ] Transforming kotlin-assignment-1.9.24-gradle82.jar (org.jetbrains.kotlin:kotlin-assignment:1.9.24) with MergeInstrumentationAnalysisTransform
[        ] Transforming kotlin-stdlib-1.9.24.jar (org.jetbrains.kotlin:kotlin-stdlib:1.9.24) with ExternalDependencyInstrumentingArtifactTransform
[        ] Transforming kotlin-gradle-plugin-model-1.9.24.jar (org.jetbrains.kotlin:kotlin-gradle-plugin-model:1.9.24) with InstrumentationAnalysisTransform
[   +1 ms] Transforming kotlin-gradle-plugin-model-1.9.24.jar (org.jetbrains.kotlin:kotlin-gradle-plugin-model:1.9.24) with MergeInstrumentationAnalysisTransform
[        ] Transforming annotations-13.0.jar (org.jetbrains:annotations:13.0) with ExternalDependencyInstrumentingArtifactTransform
[        ] Transforming kotlin-gradle-plugin-api-1.9.24.jar (org.jetbrains.kotlin:kotlin-gradle-plugin-api:1.9.24) with InstrumentationAnalysisTransform
[        ] Transforming kotlin-gradle-plugin-api-1.9.24.jar (org.jetbrains.kotlin:kotlin-gradle-plugin-api:1.9.24) with MergeInstrumentationAnalysisTransform
[        ] Transforming kotlin-gradle-plugin-api-1.9.24-gradle82.jar (org.jetbrains.kotlin:kotlin-gradle-plugin-api:1.9.24) with InstrumentationAnalysisTransform
[   +1 ms] Transforming kotlin-gradle-plugin-api-1.9.24-gradle82.jar (org.jetbrains.kotlin:kotlin-gradle-plugin-api:1.9.24) with MergeInstrumentationAnalysisTransform
[        ] Transforming kotlin-gradle-plugin-1.9.24-gradle82.jar (org.jetbrains.kotlin:kotlin-gradle-plugin:1.9.24) with InstrumentationAnalysisTransform
[        ] Transforming kotlin-gradle-plugin-1.9.24-gradle82.jar (org.jetbrains.kotlin:kotlin-gradle-plugin:1.9.24) with MergeInstrumentationAnalysisTransform
[        ] Transforming kotlin-gradle-plugin-idea-proto-1.9.24.jar (org.jetbrains.kotlin:kotlin-gradle-plugin-idea-proto:1.9.24) with InstrumentationAnalysisTransform
[        ] Transforming kotlin-gradle-plugin-idea-proto-1.9.24.jar (org.jetbrains.kotlin:kotlin-gradle-plugin-idea-proto:1.9.24) with MergeInstrumentationAnalysisTransform
[        ] Transforming kotlin-gradle-plugin-idea-1.9.24.jar (org.jetbrains.kotlin:kotlin-gradle-plugin-idea:1.9.24) with InstrumentationAnalysisTransform
[        ] Transforming kotlin-gradle-plugin-idea-1.9.24.jar (org.jetbrains.kotlin:kotlin-gradle-plugin-idea:1.9.24) with MergeInstrumentationAnalysisTransform
[        ] Transforming kotlin-klib-commonizer-api-1.9.24.jar (org.jetbrains.kotlin:kotlin-klib-commonizer-api:1.9.24) with InstrumentationAnalysisTransform
[   +1 ms] Transforming kotlin-klib-commonizer-api-1.9.24.jar (org.jetbrains.kotlin:kotlin-klib-commonizer-api:1.9.24) with MergeInstrumentationAnalysisTransform
[        ] Transforming kotlin-native-utils-1.9.24.jar (org.jetbrains.kotlin:kotlin-native-utils:1.9.24) with InstrumentationAnalysisTransform
[        ] Transforming kotlin-native-utils-1.9.24.jar (org.jetbrains.kotlin:kotlin-native-utils:1.9.24) with MergeInstrumentationAnalysisTransform
[        ] Transforming kotlin-util-klib-1.9.24.jar (org.jetbrains.kotlin:kotlin-util-klib:1.9.24) with InstrumentationAnalysisTransform
[        ] Transforming kotlin-sam-with-receiver-1.9.24-gradle82.jar (org.jetbrains.kotlin:kotlin-sam-with-receiver:1.9.24) with ExternalDependencyInstrumentingArtifactTransform
[        ] Transforming kotlin-util-klib-1.9.24.jar (org.jetbrains.kotlin:kotlin-util-klib:1.9.24) with MergeInstrumentationAnalysisTransform
[        ] Transforming kotlin-build-tools-api-1.9.24.jar (org.jetbrains.kotlin:kotlin-build-tools-api:1.9.24) with InstrumentationAnalysisTransform
[        ] Transforming kotlin-build-tools-api-1.9.24.jar (org.jetbrains.kotlin:kotlin-build-tools-api:1.9.24) with MergeInstrumentationAnalysisTransform
[        ] Transforming kotlin-android-extensions-1.9.24.jar (org.jetbrains.kotlin:kotlin-android-extensions:1.9.24) with InstrumentationAnalysisTransform
[        ] Transforming kotlin-android-extensions-1.9.24.jar (org.jetbrains.kotlin:kotlin-android-extensions:1.9.24) with MergeInstrumentationAnalysisTransform
[        ] Transforming kotlin-compiler-runner-1.9.24.jar (org.jetbrains.kotlin:kotlin-compiler-runner:1.9.24) with InstrumentationAnalysisTransform
[        ] Transforming kotlin-compiler-runner-1.9.24.jar (org.jetbrains.kotlin:kotlin-compiler-runner:1.9.24) with MergeInstrumentationAnalysisTransform
[        ] Transforming kotlin-compiler-embeddable-1.9.24.jar (org.jetbrains.kotlin:kotlin-compiler-embeddable:1.9.24) with InstrumentationAnalysisTransform
[        ] Transforming kotlin-compiler-embeddable-1.9.24.jar (org.jetbrains.kotlin:kotlin-compiler-embeddable:1.9.24) with MergeInstrumentationAnalysisTransform
[        ] Transforming kotlin-scripting-compiler-embeddable-1.9.24.jar (org.jetbrains.kotlin:kotlin-scripting-compiler-embeddable:1.9.24) with InstrumentationAnalysisTransform
[        ] Transforming kotlin-scripting-compiler-embeddable-1.9.24.jar (org.jetbrains.kotlin:kotlin-scripting-compiler-embeddable:1.9.24) with MergeInstrumentationAnalysisTransform
[        ] Transforming kotlin-scripting-compiler-impl-embeddable-1.9.24.jar (org.jetbrains.kotlin:kotlin-scripting-compiler-impl-embeddable:1.9.24) with InstrumentationAnalysisTransform
[        ] Transforming kotlin-scripting-compiler-impl-embeddable-1.9.24.jar (org.jetbrains.kotlin:kotlin-scripting-compiler-impl-embeddable:1.9.24) with MergeInstrumentationAnalysisTransform
[        ] Transforming kotlin-gradle-plugin-annotations-1.9.24.jar (org.jetbrains.kotlin:kotlin-gradle-plugin-annotations:1.9.24) with InstrumentationAnalysisTransform
[        ] Transforming kotlin-gradle-plugin-annotations-1.9.24.jar (org.jetbrains.kotlin:kotlin-gradle-plugin-annotations:1.9.24) with MergeInstrumentationAnalysisTransform
[        ] Transforming kotlin-project-model-1.9.24.jar (org.jetbrains.kotlin:kotlin-project-model:1.9.24) with InstrumentationAnalysisTransform
[        ] Transforming kotlin-project-model-1.9.24.jar (org.jetbrains.kotlin:kotlin-project-model:1.9.24) with MergeInstrumentationAnalysisTransform
[        ] Transforming kotlin-tooling-core-1.9.24.jar (org.jetbrains.kotlin:kotlin-tooling-core:1.9.24) with InstrumentationAnalysisTransform
[        ] Transforming kotlin-tooling-core-1.9.24.jar (org.jetbrains.kotlin:kotlin-tooling-core:1.9.24) with MergeInstrumentationAnalysisTransform
[        ] Transforming kotlin-util-io-1.9.24.jar (org.jetbrains.kotlin:kotlin-util-io:1.9.24) with InstrumentationAnalysisTransform
[        ] Transforming kotlin-gradle-plugin-model-1.9.24.jar (org.jetbrains.kotlin:kotlin-gradle-plugin-model:1.9.24) with ExternalDependencyInstrumentingArtifactTransform
[        ] Transforming kotlin-util-io-1.9.24.jar (org.jetbrains.kotlin:kotlin-util-io:1.9.24) with MergeInstrumentationAnalysisTransform
[   +3 ms] Transforming kotlin-daemon-embeddable-1.9.24.jar (org.jetbrains.kotlin:kotlin-daemon-embeddable:1.9.24) with InstrumentationAnalysisTransform
[        ] Transforming kotlin-daemon-embeddable-1.9.24.jar (org.jetbrains.kotlin:kotlin-daemon-embeddable:1.9.24) with MergeInstrumentationAnalysisTransform
[        ] Transforming trove4j-1.0.20200330.jar (org.jetbrains.intellij.deps:trove4j:1.0.20200330) with InstrumentationAnalysisTransform
[        ] Transforming trove4j-1.0.20200330.jar (org.jetbrains.intellij.deps:trove4j:1.0.20200330) with MergeInstrumentationAnalysisTransform
[        ] Transforming kotlin-daemon-client-1.9.24.jar (org.jetbrains.kotlin:kotlin-daemon-client:1.9.24) with InstrumentationAnalysisTransform
[        ] Transforming kotlin-gradle-plugin-api-1.9.24.jar (org.jetbrains.kotlin:kotlin-gradle-plugin-api:1.9.24) with ExternalDependencyInstrumentingArtifactTransform
[        ] Transforming kotlin-daemon-client-1.9.24.jar (org.jetbrains.kotlin:kotlin-daemon-client:1.9.24) with MergeInstrumentationAnalysisTransform
[        ] Transforming kotlinx-coroutines-core-jvm-1.5.0.jar (org.jetbrains.kotlinx:kotlinx-coroutines-core-jvm:1.5.0) with InstrumentationAnalysisTransform
[        ] Transforming kotlinx-coroutines-core-jvm-1.5.0.jar (org.jetbrains.kotlinx:kotlinx-coroutines-core-jvm:1.5.0) with MergeInstrumentationAnalysisTransform
[        ] Transforming kotlin-scripting-jvm-1.9.24.jar (org.jetbrains.kotlin:kotlin-scripting-jvm:1.9.24) with InstrumentationAnalysisTransform
[        ] Transforming kotlin-scripting-jvm-1.9.24.jar (org.jetbrains.kotlin:kotlin-scripting-jvm:1.9.24) with MergeInstrumentationAnalysisTransform
[        ] Transforming kotlin-scripting-common-1.9.24.jar (org.jetbrains.kotlin:kotlin-scripting-common:1.9.24) with InstrumentationAnalysisTransform
[        ] Transforming kotlin-scripting-common-1.9.24.jar (org.jetbrains.kotlin:kotlin-scripting-common:1.9.24) with MergeInstrumentationAnalysisTransform
[        ] Transforming kotlin-gradle-plugin-api-1.9.24-gradle82.jar (org.jetbrains.kotlin:kotlin-gradle-plugin-api:1.9.24) with ExternalDependencyInstrumentingArtifactTransform
[        ] Transforming kotlin-assignment-1.9.24-gradle82.jar (org.jetbrains.kotlin:kotlin-assignment:1.9.24) with ExternalDependencyInstrumentingArtifactTransform
[        ] Transforming kotlin-gradle-plugin-1.9.24-gradle82.jar (org.jetbrains.kotlin:kotlin-gradle-plugin:1.9.24) with ExternalDependencyInstrumentingArtifactTransform
[        ] Transforming kotlin-gradle-plugin-idea-1.9.24.jar (org.jetbrains.kotlin:kotlin-gradle-plugin-idea:1.9.24) with ExternalDependencyInstrumentingArtifactTransform
[        ] Transforming kotlin-klib-commonizer-api-1.9.24.jar (org.jetbrains.kotlin:kotlin-klib-commonizer-api:1.9.24) with ExternalDependencyInstrumentingArtifactTransform
[        ] Transforming kotlin-gradle-plugin-idea-proto-1.9.24.jar (org.jetbrains.kotlin:kotlin-gradle-plugin-idea-proto:1.9.24) with ExternalDependencyInstrumentingArtifactTransform
[        ] Transforming kotlin-native-utils-1.9.24.jar (org.jetbrains.kotlin:kotlin-native-utils:1.9.24) with ExternalDependencyInstrumentingArtifactTransform
[        ] Transforming kotlin-compiler-runner-1.9.24.jar (org.jetbrains.kotlin:kotlin-compiler-runner:1.9.24) with ExternalDependencyInstrumentingArtifactTransform
[        ] Transforming kotlin-util-klib-1.9.24.jar (org.jetbrains.kotlin:kotlin-util-klib:1.9.24) with ExternalDependencyInstrumentingArtifactTransform
[        ] Transforming kotlin-build-tools-api-1.9.24.jar (org.jetbrains.kotlin:kotlin-build-tools-api:1.9.24) with ExternalDependencyInstrumentingArtifactTransform
[        ] Transforming kotlin-scripting-compiler-embeddable-1.9.24.jar (org.jetbrains.kotlin:kotlin-scripting-compiler-embeddable:1.9.24) with ExternalDependencyInstrumentingArtifactTransform
[        ] Transforming kotlin-scripting-compiler-impl-embeddable-1.9.24.jar (org.jetbrains.kotlin:kotlin-scripting-compiler-impl-embeddable:1.9.24) with ExternalDependencyInstrumentingArtifactTransform
[        ] Transforming kotlin-compiler-embeddable-1.9.24.jar (org.jetbrains.kotlin:kotlin-compiler-embeddable:1.9.24) with ExternalDependencyInstrumentingArtifactTransform
[        ] Transforming kotlin-gradle-plugin-annotations-1.9.24.jar (org.jetbrains.kotlin:kotlin-gradle-plugin-annotations:1.9.24) with ExternalDependencyInstrumentingArtifactTransform
[        ] Transforming kotlin-project-model-1.9.24.jar (org.jetbrains.kotlin:kotlin-project-model:1.9.24) with ExternalDependencyInstrumentingArtifactTransform
[        ] Transforming kotlin-tooling-core-1.9.24.jar (org.jetbrains.kotlin:kotlin-tooling-core:1.9.24) with ExternalDependencyInstrumentingArtifactTransform
[        ] Transforming kotlin-util-io-1.9.24.jar (org.jetbrains.kotlin:kotlin-util-io:1.9.24) with ExternalDependencyInstrumentingArtifactTransform
[        ] Transforming kotlin-daemon-embeddable-1.9.24.jar (org.jetbrains.kotlin:kotlin-daemon-embeddable:1.9.24) with ExternalDependencyInstrumentingArtifactTransform
[        ] Transforming trove4j-1.0.20200330.jar (org.jetbrains.intellij.deps:trove4j:1.0.20200330) with ExternalDependencyInstrumentingArtifactTransform
[        ] Transforming kotlin-daemon-client-1.9.24.jar (org.jetbrains.kotlin:kotlin-daemon-client:1.9.24) with ExternalDependencyInstrumentingArtifactTransform
[        ] Transforming kotlin-android-extensions-1.9.24.jar (org.jetbrains.kotlin:kotlin-android-extensions:1.9.24) with ExternalDependencyInstrumentingArtifactTransform
[        ] Transforming kotlinx-coroutines-core-jvm-1.5.0.jar (org.jetbrains.kotlinx:kotlinx-coroutines-core-jvm:1.5.0) with ExternalDependencyInstrumentingArtifactTransform
[        ] Transforming kotlin-scripting-jvm-1.9.24.jar (org.jetbrains.kotlin:kotlin-scripting-jvm:1.9.24) with ExternalDependencyInstrumentingArtifactTransform
[        ] Transforming kotlin-scripting-common-1.9.24.jar (org.jetbrains.kotlin:kotlin-scripting-common:1.9.24) with ExternalDependencyInstrumentingArtifactTransform
[  +59 ms] FAILURE: Build failed with an exception.
[        ] * Where:
[        ] Settings file 'C:\My Projects\Flutter Project\FG 
Pay\fraudguard_pay\android\settings.gradle.kts' line: 19
[        ] * What went wrong:
[        ] Error resolving plugin [id: 'dev.flutter.flutter-plugin-loader', 
version: '1.0.0']
[        ] > A problem occurred configuring project ':gradle'.
[        ]    > Multiple build operations failed.
[        ]          Could not read workspace metadata from C:\Users\rajan\.grad
le\caches\8.10.2\transforms\12092c73883b5d413c5343450519df07\metadata.bin
[        ]          Could not read workspace metadata from C:\Users\rajan\.grad
le\caches\8.10.2\transforms\6e60bae89f675d073b6ad72ed848c935\metadata.bin
[        ]          Could not read workspace metadata from C:\Users\rajan\.grad
le\caches\8.10.2\transforms\8a6df3199fe4ce9eb355a963c05b45df\metadata.bin
[        ]          Could not read workspace metadata from C:\Users\rajan\.grad
le\caches\8.10.2\transforms\350d477d5814a2c2469bb01406d4e0ef\metadata.bin
[        ]          Could not read workspace metadata from C:\Users\rajan\.grad
le\caches\8.10.2\transforms\7670d2a327deccefbb4319f656d52ccf\metadata.bin
[        ]          Could not read workspace metadata from C:\Users\rajan\.grad
le\caches\8.10.2\transforms\2991233e4c4a8b93278c82b5a335c976\metadata.bin
[        ]          Could not read workspace metadata from C:\Users\rajan\.grad
le\caches\8.10.2\transforms\3ace6054e73c5717226796a0ad06a80f\metadata.bin
[        ]          Could not read workspace metadata from C:\Users\rajan\.grad
le\caches\8.10.2\transforms\52bf080e7b5383cfc016c16fc75f36f8\metadata.bin
[        ]          Could not read workspace metadata from C:\Users\rajan\.grad
le\caches\8.10.2\transforms\2072417fc4efeafd12cfc28f127372c8\metadata.bin
[        ]          Could not read workspace metadata from C:\Users\rajan\.grad
le\caches\8.10.2\transforms\dc1999a97916923a0f067bb88d9e594c\metadata.bin
[        ]          ...and 4 more failures.
[        ]       > Could not read workspace metadata from C:\Users\rajan\.gradl
e\caches\8.10.2\transforms\12092c73883b5d413c5343450519df07\metadata.bin
[        ]       > Could not read workspace metadata from C:\Users\rajan\.gradl
e\caches\8.10.2\transforms\6e60bae89f675d073b6ad72ed848c935\metadata.bin
[        ]       > Could not read workspace metadata from C:\Users\rajan\.gradl
e\caches\8.10.2\transforms\8a6df3199fe4ce9eb355a963c05b45df\metadata.bin
[        ]       > Could not read workspace metadata from C:\Users\rajan\.gradl
e\caches\8.10.2\transforms\350d477d5814a2c2469bb01406d4e0ef\metadata.bin
[        ]       > Could not read workspace metadata from C:\Users\rajan\.gradl
e\caches\8.10.2\transforms\7670d2a327deccefbb4319f656d52ccf\metadata.bin
[        ]       > Could not read workspace metadata from C:\Users\rajan\.gradl
e\caches\8.10.2\transforms\2991233e4c4a8b93278c82b5a335c976\metadata.bin
[        ]       > Could not read workspace metadata from C:\Users\rajan\.gradl
e\caches\8.10.2\transforms\3ace6054e73c5717226796a0ad06a80f\metadata.bin
[        ]       > Could not read workspace metadata from C:\Users\rajan\.gradl
e\caches\8.10.2\transforms\52bf080e7b5383cfc016c16fc75f36f8\metadata.bin
[        ]       > Could not read workspace metadata from C:\Users\rajan\.gradl
e\caches\8.10.2\transforms\2072417fc4efeafd12cfc28f127372c8\metadata.bin
[        ]       > Could not read workspace metadata from C:\Users\rajan\.gradl
e\caches\8.10.2\transforms\dc1999a97916923a0f067bb88d9e594c\metadata.bin
[        ]       > Could not read workspace metadata from C:\Users\rajan\.gradl
e\caches\8.10.2\transforms\547b069c0e108165162488b4df7d242b\metadata.bin
[        ]       > Could not read workspace metadata from C:\Users\rajan\.gradl
e\caches\8.10.2\transforms\13a3c92fd91e8edbfe5e11e0fb090b3d\metadata.bin
[        ]       > Could not read workspace metadata from C:\Users\rajan\.gradl
e\caches\8.10.2\transforms\2388a7c901e10d5384c19d8a1d9a7a9c\metadata.bin
[        ]       > Could not read workspace metadata from C:\Users\rajan\.gradl
e\caches\8.10.2\transforms\9142c17ba9ec52151f9198893678785f\metadata.bin
[        ] * Try:
[        ] > Run with --debug option to get more log output.
[        ] > Run with --scan to get full insights.
[        ] > Get more help at https://help.gradle.org.
[        ] * Exception is:
[        ] org.gradle.api.GradleException: Error resolving plugin [id: 
'dev.flutter.flutter-plugin-loader', version: '1.0.0']
[        ] 	at org.gradle.plugin.use.internal.DefaultPluginRequestApplicator.re
solvePluginRequest(DefaultPluginRequestApplicator.java:188)
[        ] 	at org.gradle.plugin.use.internal.DefaultPluginRequestApplicator.ap
plyPlugins(DefaultPluginRequestApplicator.java:97)
[        ] 	at org.gradle.kotlin.dsl.provider.PluginRequestsHandler.handle(Plug
inRequestsHandler.kt:45)
[        ] 	at org.gradle.kotlin.dsl.provider.StandardKotlinScriptEvaluator$Int
erpreterHost.applyPluginsTo(KotlinScriptEvaluator.kt:220)
[        ] 	at org.gradle.kotlin.dsl.execution.Interpreter$ProgramHost.applyPlu
ginsTo(Interpreter.kt:387)
[        ] 	at Program.execute(Unknown Source)
[        ] 	at org.gradle.kotlin.dsl.execution.Interpreter$ProgramHost.eval(Int
erpreter.kt:516)
[        ] 	at 
org.gradle.kotlin.dsl.execution.Interpreter.eval(Interpreter.kt:194)
[        ] 	at org.gradle.kotlin.dsl.provider.StandardKotlinScriptEvaluator.eva
luate(KotlinScriptEvaluator.kt:125)
[        ] 	at org.gradle.kotlin.dsl.provider.KotlinScriptPluginFactory$create$
1.invoke(KotlinScriptPluginFactory.kt:46)
[        ] 	at org.gradle.kotlin.dsl.provider.KotlinScriptPluginFactory$create$
1.invoke(KotlinScriptPluginFactory.kt:43)
[        ] 	at org.gradle.kotlin.dsl.provider.KotlinScriptPlugin.apply(KotlinSc
riptPlugin.kt:35)
[        ] 	at org.gradle.configuration.BuildOperationScriptPlugin$1.run(BuildO
perationScriptPlugin.java:68)
[        ] 	at org.gradle.internal.operations.DefaultBuildOperationRunner$1.exe
cute(DefaultBuildOperationRunner.java:29)
[        ] 	at org.gradle.internal.operations.DefaultBuildOperationRunner$1.exe
cute(DefaultBuildOperationRunner.java:26)
[        ] 	at org.gradle.internal.operations.DefaultBuildOperationRunner$2.exe
cute(DefaultBuildOperationRunner.java:66)
[        ] 	at org.gradle.internal.operations.DefaultBuildOperationRunner$2.exe
cute(DefaultBuildOperationRunner.java:59)
[        ] 	at org.gradle.internal.operations.DefaultBuildOperationRunner.execu
te(DefaultBuildOperationRunner.java:166)
[        ] 	at org.gradle.internal.operations.DefaultBuildOperationRunner.execu
te(DefaultBuildOperationRunner.java:59)
[        ] 	at org.gradle.internal.operations.DefaultBuildOperationRunner.run(D
efaultBuildOperationRunner.java:47)
[        ] 	at org.gradle.configuration.BuildOperationScriptPlugin.lambda$apply
$0(BuildOperationScriptPlugin.java:65)
[        ] 	at org.gradle.internal.code.DefaultUserCodeApplicationContext.apply
(DefaultUserCodeApplicationContext.java:44)
[        ] 	at org.gradle.configuration.BuildOperationScriptPlugin.apply(BuildO
perationScriptPlugin.java:65)
[        ] 	at org.gradle.initialization.ScriptEvaluatingSettingsProcessor.appl
ySettingsScript(ScriptEvaluatingSettingsProcessor.java:75)
[        ] 	at org.gradle.initialization.ScriptEvaluatingSettingsProcessor.proc
ess(ScriptEvaluatingSettingsProcessor.java:68)
[        ] 	at org.gradle.initialization.SettingsEvaluatedCallbackFiringSetting
sProcessor.process(SettingsEvaluatedCallbackFiringSettingsProcessor.java:34)
[        ] 	at org.gradle.initialization.RootBuildCacheControllerSettingsProces
sor.process(RootBuildCacheControllerSettingsProcessor.java:47)
[        ] 	at org.gradle.initialization.BuildOperationSettingsProcessor$2.call
(BuildOperationSettingsProcessor.java:49)
[        ] 	at org.gradle.initialization.BuildOperationSettingsProcessor$2.call
(BuildOperationSettingsProcessor.java:46)
[        ] 	at org.gradle.internal.operations.DefaultBuildOperationRunner$Calla
bleBuildOperationWorker.execute(DefaultBuildOperationRunner.java:209)
[        ] 	at org.gradle.internal.operations.DefaultBuildOperationRunner$Calla
bleBuildOperationWorker.execute(DefaultBuildOperationRunner.java:204)
[        ] 	at org.gradle.internal.operations.DefaultBuildOperationRunner$2.exe
cute(DefaultBuildOperationRunner.java:66)
[        ] 	at org.gradle.internal.operations.DefaultBuildOperationRunner$2.exe
cute(DefaultBuildOperationRunner.java:59)
[        ] 	at org.gradle.internal.operations.DefaultBuildOperationRunner.execu
te(DefaultBuildOperationRunner.java:166)
[        ] 	at org.gradle.internal.operations.DefaultBuildOperationRunner.execu
te(DefaultBuildOperationRunner.java:59)
[        ] 	at org.gradle.internal.operations.DefaultBuildOperationRunner.call(
DefaultBuildOperationRunner.java:53)
[        ] 	at org.gradle.initialization.BuildOperationSettingsProcessor.proces
s(BuildOperationSettingsProcessor.java:46)
[        ] 	at org.gradle.initialization.DefaultSettingsLoader.findSettingsAndL
oadIfAppropriate(DefaultSettingsLoader.java:143)
[        ] 	at org.gradle.initialization.DefaultSettingsLoader.findAndLoadSetti
ngs(DefaultSettingsLoader.java:63)
[        ] 	at org.gradle.initialization.SettingsAttachingSettingsLoader.findAn
dLoadSettings(SettingsAttachingSettingsLoader.java:33)
[        ] 	at org.gradle.internal.composite.CommandLineIncludedBuildSettingsLo
ader.findAndLoadSettings(CommandLineIncludedBuildSettingsLoader.java:35)
[        ] 	at org.gradle.internal.composite.ChildBuildRegisteringSettingsLoade
r.findAndLoadSettings(ChildBuildRegisteringSettingsLoader.java:44)
[        ] 	at org.gradle.internal.composite.CompositeBuildSettingsLoader.findA
ndLoadSettings(CompositeBuildSettingsLoader.java:35)
[        ] 	at org.gradle.initialization.InitScriptHandlingSettingsLoader.findA
ndLoadSettings(InitScriptHandlingSettingsLoader.java:33)
[        ] 	at org.gradle.api.internal.initialization.CacheConfigurationsHandli
ngSettingsLoader.findAndLoadSettings(CacheConfigurationsHandlingSettingsLoader.
java:36)
[        ] 	at org.gradle.initialization.GradlePropertiesHandlingSettingsLoader
.findAndLoadSettings(GradlePropertiesHandlingSettingsLoader.java:38)
[        ] 	at org.gradle.initialization.DefaultSettingsPreparer.prepareSetting
s(DefaultSettingsPreparer.java:31)
[        ] 	at org.gradle.initialization.BuildOperationFiringSettingsPreparer$L
oadBuild.doLoadBuild(BuildOperationFiringSettingsPreparer.java:71)
[        ] 	at org.gradle.initialization.BuildOperationFiringSettingsPreparer$L
oadBuild.run(BuildOperationFiringSettingsPreparer.java:66)
[        ] 	at org.gradle.internal.operations.DefaultBuildOperationRunner$1.exe
cute(DefaultBuildOperationRunner.java:29)
[        ] 	at org.gradle.internal.operations.DefaultBuildOperationRunner$1.exe
cute(DefaultBuildOperationRunner.java:26)
[        ] 	at org.gradle.internal.operations.DefaultBuildOperationRunner$2.exe
cute(DefaultBuildOperationRunner.java:66)
[        ] 	at org.gradle.internal.operations.DefaultBuildOperationRunner$2.exe
cute(DefaultBuildOperationRunner.java:59)
[        ] 	at org.gradle.internal.operations.DefaultBuildOperationRunner.execu
te(DefaultBuildOperationRunner.java:166)
[        ] 	at org.gradle.internal.operations.DefaultBuildOperationRunner.execu
te(DefaultBuildOperationRunner.java:59)
[        ] 	at org.gradle.internal.operations.DefaultBuildOperationRunner.run(D
efaultBuildOperationRunner.java:47)
[        ] 	at org.gradle.initialization.BuildOperationFiringSettingsPreparer.p
repareSettings(BuildOperationFiringSettingsPreparer.java:54)
[        ] 	at org.gradle.initialization.VintageBuildModelController.lambda$pre
pareSettings$1(VintageBuildModelController.java:80)
[        ] 	at org.gradle.internal.model.StateTransitionController.lambda$doTra
nsition$14(StateTransitionController.java:255)
[        ] 	at org.gradle.internal.model.StateTransitionController.doTransition
(StateTransitionController.java:266)
[        ] 	at org.gradle.internal.model.StateTransitionController.doTransition
(StateTransitionController.java:254)
[        ] 	at org.gradle.internal.model.StateTransitionController.lambda$trans
itionIfNotPreviously$11(StateTransitionController.java:213)
[        ] 	at org.gradle.internal.work.DefaultSynchronizer.withLock(DefaultSyn
chronizer.java:34)
[        ] 	at org.gradle.internal.model.StateTransitionController.transitionIf
NotPreviously(StateTransitionController.java:209)
[        ] 	at org.gradle.initialization.VintageBuildModelController.prepareSet
tings(VintageBuildModelController.java:80)
[        ] 	at org.gradle.initialization.VintageBuildModelController.prepareToS
cheduleTasks(VintageBuildModelController.java:70)
[        ] 	at org.gradle.internal.build.DefaultBuildLifecycleController.lambda
$prepareToScheduleTasks$6(DefaultBuildLifecycleController.java:175)
[        ] 	at org.gradle.internal.model.StateTransitionController.lambda$doTra
nsition$14(StateTransitionController.java:255)
[        ] 	at org.gradle.internal.model.StateTransitionController.doTransition
(StateTransitionController.java:266)
[        ] 	at org.gradle.internal.model.StateTransitionController.doTransition
(StateTransitionController.java:254)
[        ] 	at org.gradle.internal.model.StateTransitionController.lambda$maybe
Transition$9(StateTransitionController.java:190)
[        ] 	at org.gradle.internal.work.DefaultSynchronizer.withLock(DefaultSyn
chronizer.java:34)
[        ] 	at org.gradle.internal.model.StateTransitionController.maybeTransit
ion(StateTransitionController.java:186)
[        ] 	at org.gradle.internal.build.DefaultBuildLifecycleController.prepar
eToScheduleTasks(DefaultBuildLifecycleController.java:173)
[        ] 	at org.gradle.internal.buildtree.DefaultBuildTreeWorkPreparer.sched
uleRequestedTasks(DefaultBuildTreeWorkPreparer.java:36)
[        ] 	at org.gradle.internal.cc.impl.VintageBuildTreeWorkController$sched
uleAndRunRequestedTasks$1.apply(VintageBuildTreeWorkController.kt:36)
[        ] 	at org.gradle.internal.cc.impl.VintageBuildTreeWorkController$sched
uleAndRunRequestedTasks$1.apply(VintageBuildTreeWorkController.kt:35)
[        ] 	at org.gradle.composite.internal.DefaultIncludedBuildTaskGraph.with
NewWorkGraph(DefaultIncludedBuildTaskGraph.java:112)
[        ] 	at org.gradle.internal.cc.impl.VintageBuildTreeWorkController.sched
uleAndRunRequestedTasks(VintageBuildTreeWorkController.kt:35)
[        ] 	at org.gradle.internal.buildtree.DefaultBuildTreeLifecycleControlle
r.lambda$scheduleAndRunTasks$1(DefaultBuildTreeLifecycleController.java:77)
[        ] 	at org.gradle.internal.buildtree.DefaultBuildTreeLifecycleControlle
r.lambda$runBuild$4(DefaultBuildTreeLifecycleController.java:120)
[        ] 	at org.gradle.internal.model.StateTransitionController.lambda$trans
ition$6(StateTransitionController.java:169)
[        ] 	at org.gradle.internal.model.StateTransitionController.doTransition
(StateTransitionController.java:266)
[        ] 	at org.gradle.internal.model.StateTransitionController.lambda$trans
ition$7(StateTransitionController.java:169)
[        ] 	at org.gradle.internal.work.DefaultSynchronizer.withLock(DefaultSyn
chronizer.java:44)
[        ] 	at org.gradle.internal.model.StateTransitionController.transition(S
tateTransitionController.java:169)
[        ] 	at org.gradle.internal.buildtree.DefaultBuildTreeLifecycleControlle
r.runBuild(DefaultBuildTreeLifecycleController.java:117)
[        ] 	at org.gradle.internal.buildtree.DefaultBuildTreeLifecycleControlle
r.scheduleAndRunTasks(DefaultBuildTreeLifecycleController.java:77)
[        ] 	at org.gradle.internal.buildtree.DefaultBuildTreeLifecycleControlle
r.scheduleAndRunTasks(DefaultBuildTreeLifecycleController.java:72)
[        ] 	at org.gradle.tooling.internal.provider.ExecuteBuildActionRunner.ru
n(ExecuteBuildActionRunner.java:31)
[        ] 	at org.gradle.launcher.exec.ChainingBuildActionRunner.run(ChainingB
uildActionRunner.java:35)
[        ] 	at org.gradle.internal.buildtree.ProblemReportingBuildActionRunner.
run(ProblemReportingBuildActionRunner.java:49)
[        ] 	at org.gradle.launcher.exec.BuildOutcomeReportingBuildActionRunner.
run(BuildOutcomeReportingBuildActionRunner.java:65)
[        ] 	at org.gradle.tooling.internal.provider.FileSystemWatchingBuildActi
onRunner.run(FileSystemWatchingBuildActionRunner.java:140)
[        ] 	at org.gradle.launcher.exec.BuildCompletionNotifyingBuildActionRunn
er.run(BuildCompletionNotifyingBuildActionRunner.java:41)
[        ] 	at org.gradle.launcher.exec.RootBuildLifecycleBuildActionExecutor.l
ambda$execute$0(RootBuildLifecycleBuildActionExecutor.java:54)
[        ] 	at org.gradle.composite.internal.DefaultRootBuildState.run(DefaultR
ootBuildState.java:130)
[        ] 	at org.gradle.launcher.exec.RootBuildLifecycleBuildActionExecutor.e
xecute(RootBuildLifecycleBuildActionExecutor.java:54)
[        ] 	at org.gradle.internal.buildtree.InitDeprecationLoggingActionExecut
or.execute(InitDeprecationLoggingActionExecutor.java:62)
[        ] 	at 
org.gradle.internal.buildtree.InitProblems.execute(InitProblems.java:36)
[        ] 	at org.gradle.internal.buildtree.DefaultBuildTreeContext.execute(De
faultBuildTreeContext.java:40)
[        ] 	at org.gradle.launcher.exec.BuildTreeLifecycleBuildActionExecutor.l
ambda$execute$0(BuildTreeLifecycleBuildActionExecutor.java:71)
[        ] 	at 
org.gradle.internal.buildtree.BuildTreeState.run(BuildTreeState.java:60)
[        ] 	at org.gradle.launcher.exec.BuildTreeLifecycleBuildActionExecutor.e
xecute(BuildTreeLifecycleBuildActionExecutor.java:71)
[        ] 	at org.gradle.launcher.exec.RunAsBuildOperationBuildActionExecutor$
3.call(RunAsBuildOperationBuildActionExecutor.java:61)
[        ] 	at org.gradle.launcher.exec.RunAsBuildOperationBuildActionExecutor$
3.call(RunAsBuildOperationBuildActionExecutor.java:57)
[        ] 	at org.gradle.internal.operations.DefaultBuildOperationRunner$Calla
bleBuildOperationWorker.execute(DefaultBuildOperationRunner.java:209)
[        ] 	at org.gradle.internal.operations.DefaultBuildOperationRunner$Calla
bleBuildOperationWorker.execute(DefaultBuildOperationRunner.java:204)
[        ] 	at org.gradle.internal.operations.DefaultBuildOperationRunner$2.exe
cute(DefaultBuildOperationRunner.java:66)
[        ] 	at org.gradle.internal.operations.DefaultBuildOperationRunner$2.exe
cute(DefaultBuildOperationRunner.java:59)
[        ] 	at org.gradle.internal.operations.DefaultBuildOperationRunner.execu
te(DefaultBuildOperationRunner.java:166)
[   +3 ms] 	at org.gradle.internal.operations.DefaultBuildOperationRunner.execu
te(DefaultBuildOperationRunner.java:59)
[        ] 	at org.gradle.internal.operations.DefaultBuildOperationRunner.call(
DefaultBuildOperationRunner.java:53)
[        ] 	at org.gradle.launcher.exec.RunAsBuildOperationBuildActionExecutor.
execute(RunAsBuildOperationBuildActionExecutor.java:57)
[        ] 	at org.gradle.launcher.exec.RunAsWorkerThreadBuildActionExecutor.la
mbda$execute$0(RunAsWorkerThreadBuildActionExecutor.java:36)
[        ] 	at org.gradle.internal.work.DefaultWorkerLeaseService.withLocks(Def
aultWorkerLeaseService.java:263)
[        ] 	at org.gradle.internal.work.DefaultWorkerLeaseService.runAsWorkerTh
read(DefaultWorkerLeaseService.java:127)
[        ] 	at org.gradle.launcher.exec.RunAsWorkerThreadBuildActionExecutor.ex
ecute(RunAsWorkerThreadBuildActionExecutor.java:36)
[        ] 	at org.gradle.tooling.internal.provider.continuous.ContinuousBuildA
ctionExecutor.execute(ContinuousBuildActionExecutor.java:110)
[        ] 	at org.gradle.tooling.internal.provider.SubscribableBuildActionExec
utor.execute(SubscribableBuildActionExecutor.java:64)
[        ] 	at org.gradle.internal.session.DefaultBuildSessionContext.execute(D
efaultBuildSessionContext.java:46)
[        ] 	at org.gradle.internal.buildprocess.execution.BuildSessionLifecycle
BuildActionExecutor$ActionImpl.apply(BuildSessionLifecycleBuildActionExecutor.j
ava:92)
[        ] 	at org.gradle.internal.buildprocess.execution.BuildSessionLifecycle
BuildActionExecutor$ActionImpl.apply(BuildSessionLifecycleBuildActionExecutor.j
ava:80)
[        ] 	at 
org.gradle.internal.session.BuildSessionState.run(BuildSessionState.java:71)
[        ] 	at org.gradle.internal.buildprocess.execution.BuildSessionLifecycle
BuildActionExecutor.execute(BuildSessionLifecycleBuildActionExecutor.java:62)
[        ] 	at org.gradle.internal.buildprocess.execution.BuildSessionLifecycle
BuildActionExecutor.execute(BuildSessionLifecycleBuildActionExecutor.java:41)
[        ] 	at org.gradle.internal.buildprocess.execution.StartParamsValidating
ActionExecutor.execute(StartParamsValidatingActionExecutor.java:64)
[        ] 	at org.gradle.internal.buildprocess.execution.StartParamsValidating
ActionExecutor.execute(StartParamsValidatingActionExecutor.java:32)
[        ] 	at org.gradle.internal.buildprocess.execution.SessionFailureReporti
ngActionExecutor.execute(SessionFailureReportingActionExecutor.java:51)
[        ] 	at org.gradle.internal.buildprocess.execution.SessionFailureReporti
ngActionExecutor.execute(SessionFailureReportingActionExecutor.java:39)
[        ] 	at org.gradle.internal.buildprocess.execution.SetupLoggingActionExe
cutor.execute(SetupLoggingActionExecutor.java:47)
[        ] 	at org.gradle.internal.buildprocess.execution.SetupLoggingActionExe
cutor.execute(SetupLoggingActionExecutor.java:31)
[        ] 	at org.gradle.launcher.daemon.server.exec.ExecuteBuild.doBuild(Exec
uteBuild.java:70)
[        ] 	at org.gradle.launcher.daemon.server.exec.BuildCommandOnly.execute(
BuildCommandOnly.java:37)
[        ] 	at org.gradle.launcher.daemon.server.api.DaemonCommandExecution.pro
ceed(DaemonCommandExecution.java:104)
[        ] 	at org.gradle.launcher.daemon.server.exec.WatchForDisconnection.exe
cute(WatchForDisconnection.java:39)
[        ] 	at org.gradle.launcher.daemon.server.api.DaemonCommandExecution.pro
ceed(DaemonCommandExecution.java:104)
[        ] 	at org.gradle.launcher.daemon.server.exec.ResetDeprecationLogger.ex
ecute(ResetDeprecationLogger.java:29)
[        ] 	at org.gradle.launcher.daemon.server.api.DaemonCommandExecution.pro
ceed(DaemonCommandExecution.java:104)
[        ] 	at org.gradle.launcher.daemon.server.exec.RequestStopIfSingleUsedDa
emon.execute(RequestStopIfSingleUsedDaemon.java:35)
[        ] 	at org.gradle.launcher.daemon.server.api.DaemonCommandExecution.pro
ceed(DaemonCommandExecution.java:104)
[        ] 	at org.gradle.launcher.daemon.server.exec.ForwardClientInput.lambda
$execute$0(ForwardClientInput.java:40)
[        ] 	at org.gradle.internal.daemon.clientinput.ClientInputForwarder.forw
ardInput(ClientInputForwarder.java:80)
[        ] 	at org.gradle.launcher.daemon.server.exec.ForwardClientInput.execut
e(ForwardClientInput.java:37)
[        ] 	at org.gradle.launcher.daemon.server.api.DaemonCommandExecution.pro
ceed(DaemonCommandExecution.java:104)
[        ] 	at org.gradle.launcher.daemon.server.exec.LogAndCheckHealth.execute
(LogAndCheckHealth.java:64)
[        ] 	at org.gradle.launcher.daemon.server.api.DaemonCommandExecution.pro
ceed(DaemonCommandExecution.java:104)
[        ] 	at 
org.gradle.launcher.daemon.server.exec.LogToClient.doBuild(LogToClient.java:63)
[        ] 	at org.gradle.launcher.daemon.server.exec.BuildCommandOnly.execute(
BuildCommandOnly.java:37)
[        ] 	at org.gradle.launcher.daemon.server.api.DaemonCommandExecution.pro
ceed(DaemonCommandExecution.java:104)
[        ] 	at org.gradle.launcher.daemon.server.exec.EstablishBuildEnvironment
.doBuild(EstablishBuildEnvironment.java:84)
[        ] 	at org.gradle.launcher.daemon.server.exec.BuildCommandOnly.execute(
BuildCommandOnly.java:37)
[        ] 	at org.gradle.launcher.daemon.server.api.DaemonCommandExecution.pro
ceed(DaemonCommandExecution.java:104)
[        ] 	at org.gradle.launcher.daemon.server.exec.StartBuildOrRespondWithBu
sy$1.run(StartBuildOrRespondWithBusy.java:52)
[        ] 	at org.gradle.launcher.daemon.server.DaemonStateCoordinator.lambda$
runCommand$0(DaemonStateCoordinator.java:321)
[        ] 	at org.gradle.internal.concurrent.ExecutorPolicy$CatchAndRecordFail
ures.onExecute(ExecutorPolicy.java:64)
[        ] 	at org.gradle.internal.concurrent.AbstractManagedExecutor$1.run(Abs
tractManagedExecutor.java:48)
[        ] 	at java.base/java.util.concurrent.ThreadPoolExecutor.runWorker(Thre
adPoolExecutor.java:1136)
[        ] 	at java.base/java.util.concurrent.ThreadPoolExecutor$Worker.run(Thr
eadPoolExecutor.java:635)
[        ] 	at java.base/java.lang.Thread.run(Thread.java:840)
[        ] Caused by: org.gradle.api.ProjectConfigurationException: A problem 
occurred configuring project ':gradle'.
[        ] 	at org.gradle.configuration.project.LifecycleProjectEvaluator.wrapE
xception(LifecycleProjectEvaluator.java:84)
[        ] 	at org.gradle.configuration.project.LifecycleProjectEvaluator.addCo
nfigurationFailure(LifecycleProjectEvaluator.java:77)
[        ] 	at org.gradle.configuration.project.LifecycleProjectEvaluator.acces
s$500(LifecycleProjectEvaluator.java:55)
[        ] 	at org.gradle.configuration.project.LifecycleProjectEvaluator$Evalu
ateProject.lambda$run$0(LifecycleProjectEvaluator.java:111)
[        ] 	at org.gradle.api.internal.project.DefaultProjectStateRegistry$Proj
ectStateImpl.lambda$applyToMutableState$1(DefaultProjectStateRegistry.java:411)
[        ] 	at org.gradle.api.internal.project.DefaultProjectStateRegistry$Proj
ectStateImpl.lambda$fromMutableState$2(DefaultProjectStateRegistry.java:434)
[        ] 	at org.gradle.internal.work.DefaultWorkerLeaseService.withReplacedL
ocks(DefaultWorkerLeaseService.java:359)
[        ] 	at org.gradle.api.internal.project.DefaultProjectStateRegistry$Proj
ectStateImpl.fromMutableState(DefaultProjectStateRegistry.java:434)
[        ] 	at org.gradle.api.internal.project.DefaultProjectStateRegistry$Proj
ectStateImpl.applyToMutableState(DefaultProjectStateRegistry.java:410)
[        ] 	at org.gradle.configuration.project.LifecycleProjectEvaluator$Evalu
ateProject.run(LifecycleProjectEvaluator.java:100)
[        ] 	at org.gradle.internal.operations.DefaultBuildOperationRunner$1.exe
cute(DefaultBuildOperationRunner.java:29)
[        ] 	at org.gradle.internal.operations.DefaultBuildOperationRunner$1.exe
cute(DefaultBuildOperationRunner.java:26)
[        ] 	at org.gradle.internal.operations.DefaultBuildOperationRunner$2.exe
cute(DefaultBuildOperationRunner.java:66)
[        ] 	at org.gradle.internal.operations.DefaultBuildOperationRunner$2.exe
cute(DefaultBuildOperationRunner.java:59)
[        ] 	at org.gradle.internal.operations.DefaultBuildOperationRunner.execu
te(DefaultBuildOperationRunner.java:166)
[        ] 	at org.gradle.internal.operations.DefaultBuildOperationRunner.execu
te(DefaultBuildOperationRunner.java:59)
[        ] 	at org.gradle.internal.operations.DefaultBuildOperationRunner.run(D
efaultBuildOperationRunner.java:47)
[        ] 	at org.gradle.configuration.project.LifecycleProjectEvaluator.evalu
ate(LifecycleProjectEvaluator.java:72)
[        ] 	at org.gradle.api.internal.project.DefaultProject.evaluateUnchecked
(DefaultProject.java:832)
[        ] 	at org.gradle.api.internal.project.ProjectLifecycleController.lambd
a$ensureSelfConfigured$2(ProjectLifecycleController.java:85)
[        ] 	at org.gradle.internal.model.StateTransitionController.lambda$doTra
nsition$14(StateTransitionController.java:255)
[        ] 	at org.gradle.internal.model.StateTransitionController.doTransition
(StateTransitionController.java:266)
[        ] 	at org.gradle.internal.model.StateTransitionController.doTransition
(StateTransitionController.java:254)
[        ] 	at org.gradle.internal.model.StateTransitionController.lambda$maybe
TransitionIfNotCurrentlyTransitioning$10(StateTransitionController.java:199)
[        ] 	at org.gradle.internal.work.DefaultSynchronizer.withLock(DefaultSyn
chronizer.java:34)
[        ] 	at org.gradle.internal.model.StateTransitionController.maybeTransit
ionIfNotCurrentlyTransitioning(StateTransitionController.java:195)
[        ] 	at org.gradle.api.internal.project.ProjectLifecycleController.ensur
eSelfConfigured(ProjectLifecycleController.java:85)
[        ] 	at org.gradle.api.internal.project.DefaultProjectStateRegistry$Proj
ectStateImpl.ensureConfigured(DefaultProjectStateRegistry.java:385)
[        ] 	at org.gradle.execution.TaskPathProjectEvaluator.configure(TaskPath
ProjectEvaluator.java:34)
[        ] 	at org.gradle.execution.TaskPathProjectEvaluator.configureHierarchy
(TaskPathProjectEvaluator.java:48)
[        ] 	at org.gradle.configuration.DefaultProjectsPreparer.prepareProjects
(DefaultProjectsPreparer.java:42)
[        ] 	at org.gradle.configuration.BuildTreePreparingProjectsPreparer.prep
areProjects(BuildTreePreparingProjectsPreparer.java:65)
[        ] 	at org.gradle.configuration.BuildOperationFiringProjectsPreparer$Co
nfigureBuild.run(BuildOperationFiringProjectsPreparer.java:52)
[        ] 	at org.gradle.internal.operations.DefaultBuildOperationRunner$1.exe
cute(DefaultBuildOperationRunner.java:29)
[        ] 	at org.gradle.internal.operations.DefaultBuildOperationRunner$1.exe
cute(DefaultBuildOperationRunner.java:26)
[        ] 	at org.gradle.internal.operations.DefaultBuildOperationRunner$2.exe
cute(DefaultBuildOperationRunner.java:66)
[        ] 	at org.gradle.internal.operations.DefaultBuildOperationRunner$2.exe
cute(DefaultBuildOperationRunner.java:59)
[        ] 	at org.gradle.internal.operations.DefaultBuildOperationRunner.execu
te(DefaultBuildOperationRunner.java:166)
[        ] 	at org.gradle.internal.operations.DefaultBuildOperationRunner.execu
te(DefaultBuildOperationRunner.java:59)
[        ] 	at org.gradle.internal.operations.DefaultBuildOperationRunner.run(D
efaultBuildOperationRunner.java:47)
[        ] 	at org.gradle.configuration.BuildOperationFiringProjectsPreparer.pr
epareProjects(BuildOperationFiringProjectsPreparer.java:40)
[        ] 	at org.gradle.initialization.VintageBuildModelController.lambda$pre
pareProjects$2(VintageBuildModelController.java:84)
[        ] 	at org.gradle.internal.model.StateTransitionController.lambda$doTra
nsition$14(StateTransitionController.java:255)
[        ] 	at org.gradle.internal.model.StateTransitionController.doTransition
(StateTransitionController.java:266)
[        ] 	at org.gradle.internal.model.StateTransitionController.doTransition
(StateTransitionController.java:254)
[        ] 	at org.gradle.internal.model.StateTransitionController.lambda$trans
itionIfNotPreviously$11(StateTransitionController.java:213)
[        ] 	at org.gradle.internal.work.DefaultSynchronizer.withLock(DefaultSyn
chronizer.java:34)
[        ] 	at org.gradle.internal.model.StateTransitionController.transitionIf
NotPreviously(StateTransitionController.java:209)
[        ] 	at org.gradle.initialization.VintageBuildModelController.preparePro
jects(VintageBuildModelController.java:84)
[        ] 	at org.gradle.initialization.VintageBuildModelController.getConfigu
redModel(VintageBuildModelController.java:64)
[        ] 	at org.gradle.internal.model.StateTransitionController.lambda$notIn
State$3(StateTransitionController.java:132)
[        ] 	at org.gradle.internal.work.DefaultSynchronizer.withLock(DefaultSyn
chronizer.java:44)
[        ] 	at org.gradle.internal.model.StateTransitionController.notInState(S
tateTransitionController.java:128)
[        ] 	at org.gradle.internal.build.DefaultBuildLifecycleController.config
ureProjects(DefaultBuildLifecycleController.java:128)
[        ] 	at org.gradle.internal.build.AbstractBuildState.ensureProjectsConfi
gured(AbstractBuildState.java:145)
[        ] 	at org.gradle.internal.buildtree.BuildInclusionCoordinator.prepareF
orPluginResolution(BuildInclusionCoordinator.java:89)
[        ] 	at org.gradle.internal.composite.DefaultBuildIncluder.prepareForPlu
ginResolution(DefaultBuildIncluder.java:92)
[        ] 	at org.gradle.composite.internal.plugins.CompositeBuildPluginResolv
erContributor$CompositeBuildPluginResolver.resolveFromIncludedPluginBuilds(Comp
ositeBuildPluginResolverContributor.java:112)
[        ] 	at org.gradle.composite.internal.plugins.CompositeBuildPluginResolv
erContributor$CompositeBuildPluginResolver.doResolve(CompositeBuildPluginResolv
erContributor.java:89)
[        ] 	at java.base/java.util.concurrent.ConcurrentHashMap.computeIfAbsent
(ConcurrentHashMap.java:1708)
[        ] 	at org.gradle.composite.internal.plugins.CompositeBuildPluginResolv
erContributor$CompositeBuildPluginResolver.resolve(CompositeBuildPluginResolver
Contributor.java:78)
[        ] 	at org.gradle.plugin.use.resolve.internal.CompositePluginResolver.r
esolve(CompositePluginResolver.java:36)
[        ] 	at org.gradle.plugin.use.resolve.internal.AlreadyOnClasspathPluginR
esolver.resolve(AlreadyOnClasspathPluginResolver.java:65)
[        ] 	at org.gradle.plugin.use.internal.DefaultPluginRequestApplicator.re
solvePluginRequest(DefaultPluginRequestApplicator.java:185)
[        ] 	... 159 more
[        ] Caused by: 
org.gradle.internal.operations.MultipleBuildOperationFailures: Multiple build 
operations failed.
[        ]     Could not read workspace metadata from C:\Users\rajan\.gradle\ca
ches\8.10.2\transforms\12092c73883b5d413c5343450519df07\metadata.bin
[        ]     Could not read workspace metadata from C:\Users\rajan\.gradle\ca
ches\8.10.2\transforms\6e60bae89f675d073b6ad72ed848c935\metadata.bin
[        ]     Could not read workspace metadata from C:\Users\rajan\.gradle\ca
ches\8.10.2\transforms\8a6df3199fe4ce9eb355a963c05b45df\metadata.bin
[        ]     Could not read workspace metadata from C:\Users\rajan\.gradle\ca
ches\8.10.2\transforms\350d477d5814a2c2469bb01406d4e0ef\metadata.bin
[        ]     Could not read workspace metadata from C:\Users\rajan\.gradle\ca
ches\8.10.2\transforms\7670d2a327deccefbb4319f656d52ccf\metadata.bin
[        ]     Could not read workspace metadata from C:\Users\rajan\.gradle\ca
ches\8.10.2\transforms\2991233e4c4a8b93278c82b5a335c976\metadata.bin
[        ]     Could not read workspace metadata from C:\Users\rajan\.gradle\ca
ches\8.10.2\transforms\3ace6054e73c5717226796a0ad06a80f\metadata.bin
[        ]     Could not read workspace metadata from C:\Users\rajan\.gradle\ca
ches\8.10.2\transforms\52bf080e7b5383cfc016c16fc75f36f8\metadata.bin
[        ]     Could not read workspace metadata from C:\Users\rajan\.gradle\ca
ches\8.10.2\transforms\2072417fc4efeafd12cfc28f127372c8\metadata.bin
[        ]     Could not read workspace metadata from C:\Users\rajan\.gradle\ca
ches\8.10.2\transforms\dc1999a97916923a0f067bb88d9e594c\metadata.bin
[        ]     ...and 4 more failures.
[        ] 	at org.gradle.internal.operations.DefaultBuildOperationQueue.markFi
nished(DefaultBuildOperationQueue.java:158)
[        ] 	at org.gradle.internal.operations.DefaultBuildOperationQueue.lambda
$waitForWorkToComplete$0(DefaultBuildOperationQueue.java:148)
[        ] 	at org.gradle.internal.Factories$1.create(Factories.java:31)
[        ] 	at org.gradle.internal.work.DefaultWorkerLeaseService.withoutLocks(
DefaultWorkerLeaseService.java:335)
[        ] 	at org.gradle.internal.work.DefaultWorkerLeaseService.withoutLocks(
DefaultWorkerLeaseService.java:318)
[        ] 	at org.gradle.internal.work.DefaultWorkerLeaseService.blocking(Defa
ultWorkerLeaseService.java:224)
[        ] 	at org.gradle.internal.operations.DefaultBuildOperationQueue.waitFo
rWorkToComplete(DefaultBuildOperationQueue.java:136)
[        ] 	at org.gradle.internal.operations.DefaultBuildOperationQueue.waitFo
rCompletion(DefaultBuildOperationQueue.java:107)
[        ] 	at org.gradle.internal.operations.DefaultBuildOperationExecutor.exe
cuteInParallel(DefaultBuildOperationExecutor.java:106)
[        ] 	at org.gradle.internal.operations.DefaultBuildOperationExecutor.run
All(DefaultBuildOperationExecutor.java:65)
[        ] 	at org.gradle.api.internal.artifacts.ivyservice.resolveengine.artif
act.ParallelResolveArtifactSet$VisitingSet.visit(ParallelResolveArtifactSet.jav
a:66)
[        ] 	at org.gradle.api.internal.artifacts.ivyservice.resolveengine.artif
act.ResolvedArtifactSetResolver$1.run(ResolvedArtifactSetResolver.java:65)
[        ] 	at org.gradle.internal.operations.DefaultBuildOperationRunner$1.exe
cute(DefaultBuildOperationRunner.java:29)
[        ] 	at org.gradle.internal.operations.DefaultBuildOperationRunner$1.exe
cute(DefaultBuildOperationRunner.java:26)
[        ] 	at org.gradle.internal.operations.DefaultBuildOperationRunner$2.exe
cute(DefaultBuildOperationRunner.java:66)
[        ] 	at org.gradle.internal.operations.DefaultBuildOperationRunner$2.exe
cute(DefaultBuildOperationRunner.java:59)
[        ] 	at org.gradle.internal.operations.DefaultBuildOperationRunner.execu
te(DefaultBuildOperationRunner.java:166)
[        ] 	at org.gradle.internal.operations.DefaultBuildOperationRunner.execu
te(DefaultBuildOperationRunner.java:59)
[        ] 	at org.gradle.internal.operations.DefaultBuildOperationRunner.run(D
efaultBuildOperationRunner.java:47)
[        ] 	at org.gradle.api.internal.artifacts.ivyservice.resolveengine.artif
act.ResolvedArtifactSetResolver.visitArtifacts(ResolvedArtifactSetResolver.java
:62)
[        ] 	at org.gradle.api.internal.artifacts.ivyservice.resolveengine.artif
act.ResolvedArtifactSetResolver.lambda$visitInUnmanagedWorkerThread$0(ResolvedA
rtifactSetResolver.java:58)
[        ] 	at org.gradle.internal.work.DefaultWorkerLeaseService.runAsUnmanage
dWorkerThread(DefaultWorkerLeaseService.java:139)
[        ] 	at org.gradle.api.internal.artifacts.ivyservice.resolveengine.artif
act.ResolvedArtifactSetResolver.visitInUnmanagedWorkerThread(ResolvedArtifactSe
tResolver.java:58)
[        ] 	at org.gradle.api.internal.artifacts.ivyservice.resolveengine.artif
act.DefaultSelectedArtifactSet.visitArtifacts(DefaultSelectedArtifactSet.java:5
9)
[        ] 	at org.gradle.api.internal.artifacts.configurations.DefaultArtifact
Collection.lambda$new$0(DefaultArtifactCollection.java:46)
[        ] 	at org.gradle.internal.model.CalculatedValueContainerFactory$Suppli
erBackedCalculator.calculateValue(CalculatedValueContainerFactory.java:78)
[        ] 	at org.gradle.internal.model.CalculatedValueContainer$CalculationSt
ate.lambda$attachValue$0(CalculatedValueContainer.java:228)
[        ] 	at org.gradle.internal.Try.ofFailable(Try.java:50)
[        ] 	at org.gradle.internal.model.CalculatedValueContainer$CalculationSt
ate.attachValue(CalculatedValueContainer.java:223)
[        ] 	at org.gradle.internal.model.CalculatedValueContainer.finalizeIfNot
Already(CalculatedValueContainer.java:194)
[        ] 	at org.gradle.internal.model.CalculatedValueContainer.finalizeIfNot
Already(CalculatedValueContainer.java:185)
[        ] 	at org.gradle.api.internal.artifacts.configurations.DefaultArtifact
Collection.ensureResolved(DefaultArtifactCollection.java:103)
[        ] 	at org.gradle.api.internal.artifacts.configurations.DefaultArtifact
Collection.getArtifacts(DefaultArtifactCollection.java:75)
[        ] 	at org.gradle.api.internal.initialization.transform.utils.Instrumen
tationClasspathMerger.mergeToClasspath(InstrumentationClasspathMerger.java:51)
[        ] 	at org.gradle.api.internal.initialization.DefaultScriptClassPathRes
olver.resolveClassPath(DefaultScriptClassPathResolver.java:140)
[        ] 	at org.gradle.api.internal.initialization.DefaultBuildLogicBuilder.
lambda$resolveClassPath$0(DefaultBuildLogicBuilder.java:63)
[        ] 	at org.gradle.api.internal.initialization.DefaultBuildLogicBuildQue
ue.build(DefaultBuildLogicBuildQueue.java:56)
[        ] 	at org.gradle.api.internal.initialization.DefaultBuildLogicBuilder.
resolveClassPath(DefaultBuildLogicBuilder.java:60)
[        ] 	at org.gradle.api.internal.initialization.DefaultScriptHandler.lamb
da$getInstrumentedScriptClassPath$0(DefaultScriptHandler.java:106)
[        ] 	at org.gradle.api.internal.artifacts.configurations.DefaultConfigur
ation.callAndResetResolutionState(DefaultConfiguration.java:957)
[        ] 	at org.gradle.api.internal.initialization.DefaultScriptHandler.getI
nstrumentedScriptClassPath(DefaultScriptHandler.java:110)
[        ] 	at org.gradle.plugin.use.internal.DefaultPluginRequestApplicator.ap
plyPlugins(DefaultPluginRequestApplicator.java:125)
[        ] 	at org.gradle.kotlin.dsl.provider.PluginRequestsHandler.handle(Plug
inRequestsHandler.kt:45)
[        ] 	at org.gradle.kotlin.dsl.provider.StandardKotlinScriptEvaluator$Int
erpreterHost.applyPluginsTo(KotlinScriptEvaluator.kt:220)
[        ] 	at org.gradle.kotlin.dsl.execution.Interpreter$ProgramHost.applyPlu
ginsTo(Interpreter.kt:387)
[        ] 	at Program.execute(Unknown Source)
[        ] 	at org.gradle.kotlin.dsl.execution.Interpreter$ProgramHost.eval(Int
erpreter.kt:516)
[        ] 	at 
org.gradle.kotlin.dsl.execution.Interpreter.eval(Interpreter.kt:194)
[        ] 	at org.gradle.kotlin.dsl.provider.StandardKotlinScriptEvaluator.eva
luate(KotlinScriptEvaluator.kt:125)
[        ] 	at org.gradle.kotlin.dsl.provider.KotlinScriptPluginFactory$create$
1.invoke(KotlinScriptPluginFactory.kt:46)
[        ] 	at org.gradle.kotlin.dsl.provider.KotlinScriptPluginFactory$create$
1.invoke(KotlinScriptPluginFactory.kt:43)
[        ] 	at org.gradle.kotlin.dsl.provider.KotlinScriptPlugin.apply(KotlinSc
riptPlugin.kt:35)
[        ] 	at org.gradle.configuration.BuildOperationScriptPlugin$1.run(BuildO
perationScriptPlugin.java:68)
[        ] 	at org.gradle.internal.operations.DefaultBuildOperationRunner$1.exe
cute(DefaultBuildOperationRunner.java:29)
[        ] 	at org.gradle.internal.operations.DefaultBuildOperationRunner$1.exe
cute(DefaultBuildOperationRunner.java:26)
[        ] 	at org.gradle.internal.operations.DefaultBuildOperationRunner$2.exe
cute(DefaultBuildOperationRunner.java:66)
[        ] 	at org.gradle.internal.operations.DefaultBuildOperationRunner$2.exe
cute(DefaultBuildOperationRunner.java:59)
[        ] 	at org.gradle.internal.operations.DefaultBuildOperationRunner.execu
te(DefaultBuildOperationRunner.java:166)
[        ] 	at org.gradle.internal.operations.DefaultBuildOperationRunner.execu
te(DefaultBuildOperationRunner.java:59)
[        ] 	at org.gradle.internal.operations.DefaultBuildOperationRunner.run(D
efaultBuildOperationRunner.java:47)
[        ] 	at org.gradle.configuration.BuildOperationScriptPlugin.lambda$apply
$0(BuildOperationScriptPlugin.java:65)
[        ] 	at org.gradle.internal.code.DefaultUserCodeApplicationContext.apply
(DefaultUserCodeApplicationContext.java:44)
[        ] 	at org.gradle.configuration.BuildOperationScriptPlugin.apply(BuildO
perationScriptPlugin.java:65)
[        ] 	at org.gradle.api.internal.project.DefaultProjectStateRegistry$Proj
ectStateImpl.lambda$applyToMutableState$1(DefaultProjectStateRegistry.java:411)
[        ] 	at org.gradle.api.internal.project.DefaultProjectStateRegistry$Proj
ectStateImpl.fromMutableState(DefaultProjectStateRegistry.java:429)
[        ] 	at org.gradle.api.internal.project.DefaultProjectStateRegistry$Proj
ectStateImpl.applyToMutableState(DefaultProjectStateRegistry.java:410)
[        ] 	at org.gradle.configuration.project.BuildScriptProcessor.execute(Bu
ildScriptProcessor.java:46)
[        ] 	at org.gradle.configuration.project.BuildScriptProcessor.execute(Bu
ildScriptProcessor.java:27)
[        ] 	at org.gradle.configuration.project.ConfigureActionsProjectEvaluato
r.evaluate(ConfigureActionsProjectEvaluator.java:35)
[        ] 	at org.gradle.configuration.project.LifecycleProjectEvaluator$Evalu
ateProject.lambda$run$0(LifecycleProjectEvaluator.java:109)
[        ] 	... 219 more
[        ] Caused by: java.io.UncheckedIOException: Could not read workspace 
metadata from C:\Users\rajan\.gradle\caches\8.10.2\transforms\12092c73883b5d413
c5343450519df07\metadata.bin
[        ] 	at org.gradle.internal.execution.history.impl.DefaultImmutableWorks
paceMetadataStore.loadWorkspaceMetadata(DefaultImmutableWorkspaceMetadataStore.
java:60)
[        ] 	at org.gradle.internal.execution.steps.AssignImmutableWorkspaceStep
.loadImmutableWorkspaceIfConsistent(AssignImmutableWorkspaceStep.java:147)
[        ] 	at org.gradle.internal.execution.steps.AssignImmutableWorkspaceStep
.loadImmutableWorkspaceIfExists(AssignImmutableWorkspaceStep.java:129)
[        ] 	at org.gradle.internal.execution.steps.AssignImmutableWorkspaceStep
.execute(AssignImmutableWorkspaceStep.java:120)
[        ] 	at org.gradle.internal.execution.steps.AssignImmutableWorkspaceStep
.execute(AssignImmutableWorkspaceStep.java:90)
[        ] 	at org.gradle.internal.execution.steps.ChoosePipelineStep.execute(C
hoosePipelineStep.java:38)
[        ] 	at org.gradle.internal.execution.steps.ChoosePipelineStep.execute(C
hoosePipelineStep.java:23)
[        ] 	at org.gradle.internal.execution.steps.ExecuteWorkBuildOperationFir
ingStep.lambda$execute$0(ExecuteWorkBuildOperationFiringStep.java:53)
[        ] 	at org.gradle.internal.execution.steps.BuildOperationStep$1.call(Bu
ildOperationStep.java:37)
[        ] 	at org.gradle.internal.operations.DefaultBuildOperationRunner$Calla
bleBuildOperationWorker.execute(DefaultBuildOperationRunner.java:209)
[        ] 	at org.gradle.internal.operations.DefaultBuildOperationRunner$Calla
bleBuildOperationWorker.execute(DefaultBuildOperationRunner.java:204)
[        ] 	at org.gradle.internal.operations.DefaultBuildOperationRunner$2.exe
cute(DefaultBuildOperationRunner.java:66)
[        ] 	at org.gradle.internal.operations.DefaultBuildOperationRunner$2.exe
cute(DefaultBuildOperationRunner.java:59)
[        ] 	at org.gradle.internal.operations.DefaultBuildOperationRunner.execu
te(DefaultBuildOperationRunner.java:166)
[        ] 	at org.gradle.internal.operations.DefaultBuildOperationRunner.execu
te(DefaultBuildOperationRunner.java:59)
[        ] 	at org.gradle.internal.operations.DefaultBuildOperationRunner.call(
DefaultBuildOperationRunner.java:53)
[        ] 	at org.gradle.internal.execution.steps.BuildOperationStep.operation
(BuildOperationStep.java:34)
[        ] 	at org.gradle.internal.execution.steps.ExecuteWorkBuildOperationFir
ingStep.lambda$execute$1(ExecuteWorkBuildOperationFiringStep.java:51)
[        ] 	at java.base/java.util.Optional.map(Optional.java:260)
[        ] 	at org.gradle.internal.execution.steps.ExecuteWorkBuildOperationFir
ingStep.execute(ExecuteWorkBuildOperationFiringStep.java:51)
[   +1 ms] 	at org.gradle.internal.execution.steps.ExecuteWorkBuildOperationFir
ingStep.execute(ExecuteWorkBuildOperationFiringStep.java:39)
[        ] 	at org.gradle.internal.execution.steps.IdentityCacheStep.execute(Id
entityCacheStep.java:46)
[        ] 	at org.gradle.internal.execution.steps.IdentityCacheStep.executeInC
ache(IdentityCacheStep.java:80)
[        ] 	at org.gradle.internal.execution.steps.IdentityCacheStep.lambda$exe
cuteDeferred$0(IdentityCacheStep.java:60)
[        ] 	at org.gradle.cache.Cache.lambda$get$0(Cache.java:31)
[        ] 	at java.base/java.util.concurrent.ConcurrentHashMap.computeIfAbsent
(ConcurrentHashMap.java:1708)
[        ] 	at org.gradle.cache.ManualEvictionInMemoryCache.get(ManualEvictionI
nMemoryCache.java:30)
[        ] 	at org.gradle.cache.internal.DefaultCrossBuildInMemoryCacheFactory$
CrossBuildCacheRetainingDataFromPreviousBuild.get(DefaultCrossBuildInMemoryCach
eFactory.java:255)
[        ] 	at org.gradle.cache.Cache.get(Cache.java:31)
[        ] 	at org.gradle.internal.execution.steps.IdentityCacheStep.lambda$exe
cuteDeferred$1(IdentityCacheStep.java:58)
[        ] 	at 
org.gradle.internal.Deferrable$3.completeAndGet(Deferrable.java:117)
[        ] 	at 
org.gradle.internal.Deferrable$1.completeAndGet(Deferrable.java:59)
[        ] 	at org.gradle.api.internal.artifacts.transform.TransformStep.doTran
sform(TransformStep.java:99)
[        ] 	at org.gradle.api.internal.artifacts.transform.TransformStep.lambda
$createInvocation$0(TransformStep.java:83)
[        ] 	at 
org.gradle.internal.Deferrable$3.completeAndGet(Deferrable.java:117)
[        ] 	at 
org.gradle.internal.Deferrable.lambda$flatMap$0(Deferrable.java:80)
[        ] 	at 
org.gradle.internal.Deferrable$3.completeAndGet(Deferrable.java:117)
[        ] 	at org.gradle.api.internal.artifacts.transform.TransformingAsyncArt
ifactListener$TransformedArtifact.finalizeValue(TransformingAsyncArtifactListen
er.java:209)
[        ] 	at org.gradle.api.internal.artifacts.transform.TransformingAsyncArt
ifactListener$TransformedArtifact.run(TransformingAsyncArtifactListener.java:14
7)
[        ] 	at org.gradle.internal.operations.DefaultBuildOperationRunner$2.exe
cute(DefaultBuildOperationRunner.java:66)
[        ] 	at org.gradle.internal.operations.DefaultBuildOperationRunner$2.exe
cute(DefaultBuildOperationRunner.java:59)
[        ] 	at org.gradle.internal.operations.DefaultBuildOperationRunner.execu
te(DefaultBuildOperationRunner.java:166)
[        ] 	at org.gradle.internal.operations.DefaultBuildOperationRunner.execu
te(DefaultBuildOperationRunner.java:59)
[        ] 	at org.gradle.internal.operations.DefaultBuildOperationExecutor$Que
ueWorker.execute(DefaultBuildOperationExecutor.java:161)
[        ] 	at org.gradle.internal.operations.DefaultBuildOperationQueue$Worker
Runnable.runOperation(DefaultBuildOperationQueue.java:272)
[        ] 	at org.gradle.internal.operations.DefaultBuildOperationQueue$Worker
Runnable.doRunBatch(DefaultBuildOperationQueue.java:253)
[        ] 	at org.gradle.internal.operations.DefaultBuildOperationQueue$Worker
Runnable.lambda$runBatch$0(DefaultBuildOperationQueue.java:238)
[        ] 	at org.gradle.internal.resources.AbstractResourceLockRegistry.while
DisallowingLockChanges(AbstractResourceLockRegistry.java:50)
[        ] 	at org.gradle.internal.work.DefaultWorkerLeaseService.whileDisallow
ingProjectLockChanges(DefaultWorkerLeaseService.java:235)
[        ] 	at org.gradle.internal.operations.DefaultBuildOperationQueue$Worker
Runnable.lambda$runBatch$1(DefaultBuildOperationQueue.java:238)
[        ] 	at org.gradle.internal.work.DefaultWorkerLeaseService.withLocks(Def
aultWorkerLeaseService.java:263)
[        ] 	at org.gradle.internal.work.DefaultWorkerLeaseService.runAsWorkerTh
read(DefaultWorkerLeaseService.java:127)
[        ] 	at org.gradle.internal.operations.DefaultBuildOperationQueue$Worker
Runnable.runBatch(DefaultBuildOperationQueue.java:224)
[        ] 	at org.gradle.internal.operations.DefaultBuildOperationQueue$Worker
Runnable.run(DefaultBuildOperationQueue.java:192)
[        ] 	... 5 more
[        ] Caused by: java.io.FileNotFoundException: C:\Users\rajan\.gradle\cac
hes\8.10.2\transforms\12092c73883b5d413c5343450519df07\metadata.bin (The 
system cannot find the file specified)
[        ] 	at java.base/java.io.FileInputStream.open0(Native Method)
[        ] 	at java.base/java.io.FileInputStream.open(FileInputStream.java:216)
[        ] 	at 
java.base/java.io.FileInputStream.<init>(FileInputStream.java:157)
[        ] 	at org.gradle.internal.execution.history.impl.DefaultImmutableWorks
paceMetadataStore.loadWorkspaceMetadata(DefaultImmutableWorkspaceMetadataStore.
java:45)
[        ] 	... 58 more
[        ] BUILD FAILED in 1s
[  +71 ms] Running Gradle task 'assembleRelease'... (completed in 1,543ms)
[   +4 ms] [!] Gradle threw an error while downloading artifacts from the 
network.
[  +50 ms] "flutter apk" took 4,835ms.
[  +44 ms] Gradle task assembleRelease failed with exit code 1
[        ] 
           #0      throwToolExit 
(package:flutter_tools/src/base/common.dart:34:3)
           #1      AndroidGradleBuilder.buildGradleApp 
(package:flutter_tools/src/android/gradle.dart:572:7)
           <asynchronous suspension>
           #2      AndroidGradleBuilder.buildApk 
(package:flutter_tools/src/android/gradle.dart:232:5)
           <asynchronous suspension>
           #3      BuildApkCommand.runCommand 
(package:flutter_tools/src/commands/build_apk.dart:154:5)
           <asynchronous suspension>
           #4      FlutterCommand.run.<anonymous closure> 
(package:flutter_tools/src/runner/flutter_command.dart:1558:27)
           <asynchronous suspension>
           #5      AppContext.run.<anonymous closure> 
(package:flutter_tools/src/base/context.dart:154:19)
           <asynchronous suspension>
           #6      CommandRunner.runCommand 
(package:args/command_runner.dart:212:13)
           <asynchronous suspension>
           #7      FlutterCommandRunner.runCommand.<anonymous closure> 
(package:flutter_tools/src/runner/flutter_command_runner.dart:496:9)
           <asynchronous suspension>
           #8      AppContext.run.<anonymous closure> 
(package:flutter_tools/src/base/context.dart:154:19)
           <asynchronous suspension>
           #9      FlutterCommandRunner.runCommand 
(package:flutter_tools/src/runner/flutter_command_runner.dart:431:5)
           <asynchronous suspension>
           #10     run.<anonymous closure>.<anonymous closure> 
(package:flutter_tools/runner.dart:98:11)
           <asynchronous suspension>
           #11     AppContext.run.<anonymous closure> 
(package:flutter_tools/src/base/context.dart:154:19)
           <asynchronous suspension>
           #12     main (package:flutter_tools/executable.dart:99:3)
           <asynchronous suspension>


[        ] Running 1 shutdown hook
[   +4 ms] Shutdown hooks complete
[ +245 ms] exiting with code 1
